  Determining projects to restore...
  All projects are up-to-date for restore.
  SoftMedia.Server -> C:\Users\Admin\Documents\coding2\SoftMedia\src\SoftMedia.Server\bin\Debug\net8.0\SoftMedia.Server.dll
C:\Users\Admin\Documents\coding2\SoftMedia\src\SoftMedia.Server.Tests\Services\Metadata\MetadataQueueServiceTests.cs(21,27): error CS0246: The type or namespace name 'ISettingsService' could not be found (are you missing a using directive or an assembly reference?) [C:\Users\Admin\Documents\coding2\SoftMedia\src\SoftMedia.Server.Tests\SoftMedia.Server.Tests.csproj]

Build FAILED.

C:\Users\Admin\Documents\coding2\SoftMedia\src\SoftMedia.Server.Tests\Services\Metadata\MetadataQueueServiceTests.cs(21,27): error CS0246: The type or namespace name 'ISettingsService' could not be found (are you missing a using directive or an assembly reference?) [C:\Users\Admin\Documents\coding2\SoftMedia\src\SoftMedia.Server.Tests\SoftMedia.Server.Tests.csproj]
    0 Warning(s)
    1 Error(s)

Time Elapsed 00:00:01.07

Workload updates are available. Run `dotnet workload list` for more information.
