<?xml version="1.0" encoding="utf-8"?>
<TestRun id="87ac4b8d-b33d-439e-8894-9ad623381859" name="Admin@GAMING 2026-01-26 02:44:19" runUser="GAMING\Admin" xmlns="http://microsoft.com/schemas/VisualStudio/TeamTest/2010">
  <Times creation="2026-01-26T02:44:19.9658930-08:00" queuing="2026-01-26T02:44:19.9658931-08:00" start="2026-01-26T02:44:19.5390706-08:00" finish="2026-01-26T02:44:19.9720986-08:00" />
  <TestSettings name="default" id="38cf3ed3-90c5-4d4f-a597-c0493dbe8598">
    <Deployment runDeploymentRoot="Admin_GAMING_2026-01-26_02_44_19" />
  </TestSettings>
  <Results>
    <UnitTestResult executionId="8a67c19f-295d-42a1-a509-499f12253a68" testId="cd23faa8-1f6b-7b9b-5dbf-bb13abb42639" testName="SoftMedia.Server.Tests.Services.StreamPlanServiceTests.ComputeStreamPlan_AppliesMaxTranscodeResolution_Setting" computerName="GAMING" duration="00:00:00.0040379" startTime="2026-01-26T02:44:19.9050257-08:00" endTime="2026-01-26T02:44:19.9050258-08:00" testType="13cdc9d9-ddb5-4fa4-a97d-d965ccfc6d4b" outcome="Failed" testListId="8c84fa94-04c1-424b-9868-57a2d4851a1d" relativeResultsDirectory="8a67c19f-295d-42a1-a509-499f12253a68">
      <Output>
        <ErrorInfo>
          <Message>Assert.Equal() Failure: Values differ&#xD;
Expected: Transcode&#xD;
Actual:   Remux</Message>
          <StackTrace>   at SoftMedia.Server.Tests.Services.StreamPlanServiceTests.ComputeStreamPlan_AppliesMaxTranscodeResolution_Setting() in C:\Users\Admin\Documents\coding2\SoftMedia\src\SoftMedia.Server.Tests\Services\StreamPlanServiceTests.cs:line 418&#xD;
--- End of stack trace from previous location ---</StackTrace>
        </ErrorInfo>
      </Output>
    </UnitTestResult>
    <UnitTestResult executionId="a0d775cd-1aff-4b0d-acd7-8fd8959ffce2" testId="f0533828-6e90-aac2-fab9-b46f5edceaba" testName="SoftMedia.Server.Tests.Services.StreamPlanServiceTests.ComputeStreamPlan_HEVC_MKV_Remux" computerName="GAMING" duration="00:00:00.0008348" startTime="2026-01-26T02:44:19.9086342-08:00" endTime="2026-01-26T02:44:19.9086343-08:00" testType="13cdc9d9-ddb5-4fa4-a97d-d965ccfc6d4b" outcome="Passed" testListId="8c84fa94-04c1-424b-9868-57a2d4851a1d" relativeResultsDirectory="a0d775cd-1aff-4b0d-acd7-8fd8959ffce2" />
    <UnitTestResult executionId="dc17be5d-aaaf-405e-b5d8-48effcff267c" testId="95fb3475-f75d-885f-87c8-b919fc1ffe7b" testName="SoftMedia.Server.Tests.Services.StreamPlanServiceTests.ComputeStreamPlan_HDR_NonHDR_Client_Transcodes" computerName="GAMING" duration="00:00:00.0008284" startTime="2026-01-26T02:44:19.9095011-08:00" endTime="2026-01-26T02:44:19.9095012-08:00" testType="13cdc9d9-ddb5-4fa4-a97d-d965ccfc6d4b" outcome="Passed" testListId="8c84fa94-04c1-424b-9868-57a2d4851a1d" relativeResultsDirectory="dc17be5d-aaaf-405e-b5d8-48effcff267c" />
    <UnitTestResult executionId="3c7b8bf6-a1c0-40ec-8d61-fcca5423f542" testId="e3ebe2f3-b6d2-4986-db7c-b26689dc1ef9" testName="SoftMedia.Server.Tests.Services.StreamPlanServiceTests.ComputeStreamPlan_H264_MP4_DirectPlay" computerName="GAMING" duration="00:00:00.0023506" startTime="2026-01-26T02:44:19.9052988-08:00" endTime="2026-01-26T02:44:19.9052988-08:00" testType="13cdc9d9-ddb5-4fa4-a97d-d965ccfc6d4b" outcome="Passed" testListId="8c84fa94-04c1-424b-9868-57a2d4851a1d" relativeResultsDirectory="3c7b8bf6-a1c0-40ec-8d61-fcca5423f542" />
    <UnitTestResult executionId="72be07f7-4994-4940-a48b-1666317ac199" testId="c776e354-9ead-f1a7-c9f4-179e1f14430a" testName="SoftMedia.Server.Tests.Services.StreamPlanServiceTests.ComputeStreamPlan_HDR_Client_SupportsHDR_DirectPlay" computerName="GAMING" duration="00:00:00.0008673" startTime="2026-01-26T02:44:19.9077608-08:00" endTime="2026-01-26T02:44:19.9077609-08:00" testType="13cdc9d9-ddb5-4fa4-a97d-d965ccfc6d4b" outcome="Passed" testListId="8c84fa94-04c1-424b-9868-57a2d4851a1d" relativeResultsDirectory="72be07f7-4994-4940-a48b-1666317ac199" />
    <UnitTestResult executionId="4ab934d7-e74b-4636-8d3a-b72850b0c597" testId="2e39933b-e418-45d5-ffc4-84313368cf9f" testName="SoftMedia.Server.Tests.Services.StreamPlanServiceTests.ComputeStreamPlan_AV1_Transcode_To_H264" computerName="GAMING" duration="00:00:00.0010347" startTime="2026-01-26T02:44:19.9114222-08:00" endTime="2026-01-26T02:44:19.9114222-08:00" testType="13cdc9d9-ddb5-4fa4-a97d-d965ccfc6d4b" outcome="Passed" testListId="8c84fa94-04c1-424b-9868-57a2d4851a1d" relativeResultsDirectory="4ab934d7-e74b-4636-8d3a-b72850b0c597" />
    <UnitTestResult executionId="b7567fe3-26f3-4748-b6a9-bc26710b7203" testId="f6e53535-ed2e-ffee-f779-a539ea148f31" testName="SoftMedia.Server.Tests.Services.StreamPlanServiceTests.ComputeStreamPlan_AppliesMaxResolution_From_RequestedQuality" computerName="GAMING" duration="00:00:00.0015395" startTime="2026-01-26T02:44:19.9068669-08:00" endTime="2026-01-26T02:44:19.9068670-08:00" testType="13cdc9d9-ddb5-4fa4-a97d-d965ccfc6d4b" outcome="Passed" testListId="8c84fa94-04c1-424b-9868-57a2d4851a1d" relativeResultsDirectory="b7567fe3-26f3-4748-b6a9-bc26710b7203" />
    <UnitTestResult executionId="91555dc2-ddd3-4def-b256-e9339690b0a6" testId="2425afa3-92a9-8296-dbec-c3d1beca4e8f" testName="SoftMedia.Server.Tests.Services.StreamPlanServiceTests.ComputeStreamPlan_MaxTranscodeResolution_DoesNotBlock_DirectPlay" computerName="GAMING" duration="00:00:00.0008253" startTime="2026-01-26T02:44:19.9103615-08:00" endTime="2026-01-26T02:44:19.9103616-08:00" testType="13cdc9d9-ddb5-4fa4-a97d-d965ccfc6d4b" outcome="Passed" testListId="8c84fa94-04c1-424b-9868-57a2d4851a1d" relativeResultsDirectory="91555dc2-ddd3-4def-b256-e9339690b0a6" />
    <UnitTestResult executionId="769aca4b-dcfa-4d76-8f4e-c6e2d892bb9f" testId="00da0704-850b-97d0-e4e5-68c576dd1516" testName="SoftMedia.Server.Tests.Services.StreamPlanServiceTests.ComputeStreamPlan_AppliesServerBitrateLimit" computerName="GAMING" duration="00:00:00.0471675" startTime="2026-01-26T02:44:19.8952514-08:00" endTime="2026-01-26T02:44:19.8952632-08:00" testType="13cdc9d9-ddb5-4fa4-a97d-d965ccfc6d4b" outcome="Passed" testListId="8c84fa94-04c1-424b-9868-57a2d4851a1d" relativeResultsDirectory="769aca4b-dcfa-4d76-8f4e-c6e2d892bb9f" />
  </Results>
  <TestDefinitions>
    <UnitTest name="SoftMedia.Server.Tests.Services.StreamPlanServiceTests.ComputeStreamPlan_HDR_NonHDR_Client_Transcodes" storage="c:\users\admin\documents\coding2\softmedia\src\softmedia.server.tests\bin\debug\net8.0\softmedia.server.tests.dll" id="95fb3475-f75d-885f-87c8-b919fc1ffe7b">
      <Execution id="dc17be5d-aaaf-405e-b5d8-48effcff267c" />
      <TestMethod codeBase="C:\Users\Admin\Documents\coding2\SoftMedia\src\SoftMedia.Server.Tests\bin\Debug\net8.0\SoftMedia.Server.Tests.dll" adapterTypeName="executor://xunit/VsTestRunner2/netcoreapp" className="SoftMedia.Server.Tests.Services.StreamPlanServiceTests" name="ComputeStreamPlan_HDR_NonHDR_Client_Transcodes" />
    </UnitTest>
    <UnitTest name="SoftMedia.Server.Tests.Services.StreamPlanServiceTests.ComputeStreamPlan_AppliesMaxTranscodeResolution_Setting" storage="c:\users\admin\documents\coding2\softmedia\src\softmedia.server.tests\bin\debug\net8.0\softmedia.server.tests.dll" id="cd23faa8-1f6b-7b9b-5dbf-bb13abb42639">
      <Execution id="8a67c19f-295d-42a1-a509-499f12253a68" />
      <TestMethod codeBase="C:\Users\Admin\Documents\coding2\SoftMedia\src\SoftMedia.Server.Tests\bin\Debug\net8.0\SoftMedia.Server.Tests.dll" adapterTypeName="executor://xunit/VsTestRunner2/netcoreapp" className="SoftMedia.Server.Tests.Services.StreamPlanServiceTests" name="ComputeStreamPlan_AppliesMaxTranscodeResolution_Setting" />
    </UnitTest>
    <UnitTest name="SoftMedia.Server.Tests.Services.StreamPlanServiceTests.ComputeStreamPlan_AppliesServerBitrateLimit" storage="c:\users\admin\documents\coding2\softmedia\src\softmedia.server.tests\bin\debug\net8.0\softmedia.server.tests.dll" id="00da0704-850b-97d0-e4e5-68c576dd1516">
      <Execution id="769aca4b-dcfa-4d76-8f4e-c6e2d892bb9f" />
      <TestMethod codeBase="C:\Users\Admin\Documents\coding2\SoftMedia\src\SoftMedia.Server.Tests\bin\Debug\net8.0\SoftMedia.Server.Tests.dll" adapterTypeName="executor://xunit/VsTestRunner2/netcoreapp" className="SoftMedia.Server.Tests.Services.StreamPlanServiceTests" name="ComputeStreamPlan_AppliesServerBitrateLimit" />
    </UnitTest>
    <UnitTest name="SoftMedia.Server.Tests.Services.StreamPlanServiceTests.ComputeStreamPlan_AV1_Transcode_To_H264" storage="c:\users\admin\documents\coding2\softmedia\src\softmedia.server.tests\bin\debug\net8.0\softmedia.server.tests.dll" id="2e39933b-e418-45d5-ffc4-84313368cf9f">
      <Execution id="4ab934d7-e74b-4636-8d3a-b72850b0c597" />
      <TestMethod codeBase="C:\Users\Admin\Documents\coding2\SoftMedia\src\SoftMedia.Server.Tests\bin\Debug\net8.0\SoftMedia.Server.Tests.dll" adapterTypeName="executor://xunit/VsTestRunner2/netcoreapp" className="SoftMedia.Server.Tests.Services.StreamPlanServiceTests" name="ComputeStreamPlan_AV1_Transcode_To_H264" />
    </UnitTest>
    <UnitTest name="SoftMedia.Server.Tests.Services.StreamPlanServiceTests.ComputeStreamPlan_H264_MP4_DirectPlay" storage="c:\users\admin\documents\coding2\softmedia\src\softmedia.server.tests\bin\debug\net8.0\softmedia.server.tests.dll" id="e3ebe2f3-b6d2-4986-db7c-b26689dc1ef9">
      <Execution id="3c7b8bf6-a1c0-40ec-8d61-fcca5423f542" />
      <TestMethod codeBase="C:\Users\Admin\Documents\coding2\SoftMedia\src\SoftMedia.Server.Tests\bin\Debug\net8.0\SoftMedia.Server.Tests.dll" adapterTypeName="executor://xunit/VsTestRunner2/netcoreapp" className="SoftMedia.Server.Tests.Services.StreamPlanServiceTests" name="ComputeStreamPlan_H264_MP4_DirectPlay" />
    </UnitTest>
    <UnitTest name="SoftMedia.Server.Tests.Services.StreamPlanServiceTests.ComputeStreamPlan_HEVC_MKV_Remux" storage="c:\users\admin\documents\coding2\softmedia\src\softmedia.server.tests\bin\debug\net8.0\softmedia.server.tests.dll" id="f0533828-6e90-aac2-fab9-b46f5edceaba">
      <Execution id="a0d775cd-1aff-4b0d-acd7-8fd8959ffce2" />
      <TestMethod codeBase="C:\Users\Admin\Documents\coding2\SoftMedia\src\SoftMedia.Server.Tests\bin\Debug\net8.0\SoftMedia.Server.Tests.dll" adapterTypeName="executor://xunit/VsTestRunner2/netcoreapp" className="SoftMedia.Server.Tests.Services.StreamPlanServiceTests" name="ComputeStreamPlan_HEVC_MKV_Remux" />
    </UnitTest>
    <UnitTest name="SoftMedia.Server.Tests.Services.StreamPlanServiceTests.ComputeStreamPlan_HDR_Client_SupportsHDR_DirectPlay" storage="c:\users\admin\documents\coding2\softmedia\src\softmedia.server.tests\bin\debug\net8.0\softmedia.server.tests.dll" id="c776e354-9ead-f1a7-c9f4-179e1f14430a">
      <Execution id="72be07f7-4994-4940-a48b-1666317ac199" />
      <TestMethod codeBase="C:\Users\Admin\Documents\coding2\SoftMedia\src\SoftMedia.Server.Tests\bin\Debug\net8.0\SoftMedia.Server.Tests.dll" adapterTypeName="executor://xunit/VsTestRunner2/netcoreapp" className="SoftMedia.Server.Tests.Services.StreamPlanServiceTests" name="ComputeStreamPlan_HDR_Client_SupportsHDR_DirectPlay" />
    </UnitTest>
    <UnitTest name="SoftMedia.Server.Tests.Services.StreamPlanServiceTests.ComputeStreamPlan_AppliesMaxResolution_From_RequestedQuality" storage="c:\users\admin\documents\coding2\softmedia\src\softmedia.server.tests\bin\debug\net8.0\softmedia.server.tests.dll" id="f6e53535-ed2e-ffee-f779-a539ea148f31">
      <Execution id="b7567fe3-26f3-4748-b6a9-bc26710b7203" />
      <TestMethod codeBase="C:\Users\Admin\Documents\coding2\SoftMedia\src\SoftMedia.Server.Tests\bin\Debug\net8.0\SoftMedia.Server.Tests.dll" adapterTypeName="executor://xunit/VsTestRunner2/netcoreapp" className="SoftMedia.Server.Tests.Services.StreamPlanServiceTests" name="ComputeStreamPlan_AppliesMaxResolution_From_RequestedQuality" />
    </UnitTest>
    <UnitTest name="SoftMedia.Server.Tests.Services.StreamPlanServiceTests.ComputeStreamPlan_MaxTranscodeResolution_DoesNotBlock_DirectPlay" storage="c:\users\admin\documents\coding2\softmedia\src\softmedia.server.tests\bin\debug\net8.0\softmedia.server.tests.dll" id="2425afa3-92a9-8296-dbec-c3d1beca4e8f">
      <Execution id="91555dc2-ddd3-4def-b256-e9339690b0a6" />
      <TestMethod codeBase="C:\Users\Admin\Documents\coding2\SoftMedia\src\SoftMedia.Server.Tests\bin\Debug\net8.0\SoftMedia.Server.Tests.dll" adapterTypeName="executor://xunit/VsTestRunner2/netcoreapp" className="SoftMedia.Server.Tests.Services.StreamPlanServiceTests" name="ComputeStreamPlan_MaxTranscodeResolution_DoesNotBlock_DirectPlay" />
    </UnitTest>
  </TestDefinitions>
  <TestEntries>
    <TestEntry testId="cd23faa8-1f6b-7b9b-5dbf-bb13abb42639" executionId="8a67c19f-295d-42a1-a509-499f12253a68" testListId="8c84fa94-04c1-424b-9868-57a2d4851a1d" />
    <TestEntry testId="f0533828-6e90-aac2-fab9-b46f5edceaba" executionId="a0d775cd-1aff-4b0d-acd7-8fd8959ffce2" testListId="8c84fa94-04c1-424b-9868-57a2d4851a1d" />
    <TestEntry testId="95fb3475-f75d-885f-87c8-b919fc1ffe7b" executionId="dc17be5d-aaaf-405e-b5d8-48effcff267c" testListId="8c84fa94-04c1-424b-9868-57a2d4851a1d" />
    <TestEntry testId="e3ebe2f3-b6d2-4986-db7c-b26689dc1ef9" executionId="3c7b8bf6-a1c0-40ec-8d61-fcca5423f542" testListId="8c84fa94-04c1-424b-9868-57a2d4851a1d" />
    <TestEntry testId="c776e354-9ead-f1a7-c9f4-179e1f14430a" executionId="72be07f7-4994-4940-a48b-1666317ac199" testListId="8c84fa94-04c1-424b-9868-57a2d4851a1d" />
    <TestEntry testId="2e39933b-e418-45d5-ffc4-84313368cf9f" executionId="4ab934d7-e74b-4636-8d3a-b72850b0c597" testListId="8c84fa94-04c1-424b-9868-57a2d4851a1d" />
    <TestEntry testId="f6e53535-ed2e-ffee-f779-a539ea148f31" executionId="b7567fe3-26f3-4748-b6a9-bc26710b7203" testListId="8c84fa94-04c1-424b-9868-57a2d4851a1d" />
    <TestEntry testId="2425afa3-92a9-8296-dbec-c3d1beca4e8f" executionId="91555dc2-ddd3-4def-b256-e9339690b0a6" testListId="8c84fa94-04c1-424b-9868-57a2d4851a1d" />
    <TestEntry testId="00da0704-850b-97d0-e4e5-68c576dd1516" executionId="769aca4b-dcfa-4d76-8f4e-c6e2d892bb9f" testListId="8c84fa94-04c1-424b-9868-57a2d4851a1d" />
  </TestEntries>
  <TestLists>
    <TestList name="Results Not in a List" id="8c84fa94-04c1-424b-9868-57a2d4851a1d" />
    <TestList name="All Loaded Results" id="19431567-8539-422a-85d7-44ee4e166bda" />
  </TestLists>
  <ResultSummary outcome="Failed">
    <Counters total="9" executed="9" passed="8" failed="1" error="0" timeout="0" aborted="0" inconclusive="0" passedButRunAborted="0" notRunnable="0" notExecuted="0" disconnected="0" warning="0" completed="0" inProgress="0" pending="0" />
    <Output>
      <StdOut>[xUnit.net 00:00:00.00] xUnit.net VSTest Adapter v2.8.2+699d445a1a (64-bit .NET 8.0.13)&#xD;
[xUnit.net 00:00:00.04]   Discovering: SoftMedia.Server.Tests&#xD;
[xUnit.net 00:00:00.06]   Discovered:  SoftMedia.Server.Tests&#xD;
[xUnit.net 00:00:00.07]   Starting:    SoftMedia.Server.Tests&#xD;
[xUnit.net 00:00:00.14]       Assert.Equal() Failure: Values differ&#xD;
[xUnit.net 00:00:00.14]       Expected: Transcode&#xD;
[xUnit.net 00:00:00.14]       Actual:   Remux&#xD;
[xUnit.net 00:00:00.14]       Stack Trace:&#xD;
[xUnit.net 00:00:00.14]         C:\Users\Admin\Documents\coding2\SoftMedia\src\SoftMedia.Server.Tests\Services\StreamPlanServiceTests.cs(418,0): at SoftMedia.Server.Tests.Services.StreamPlanServiceTests.ComputeStreamPlan_AppliesMaxTranscodeResolution_Setting()&#xD;
[xUnit.net 00:00:00.14]         --- End of stack trace from previous location ---&#xD;
[xUnit.net 00:00:00.15]   Finished:    SoftMedia.Server.Tests&#xD;
</StdOut>
    </Output>
    <RunInfos>
      <RunInfo computerName="GAMING" outcome="Error" timestamp="2026-01-26T02:44:19.9041831-08:00">
        <Text>[xUnit.net 00:00:00.14]     SoftMedia.Server.Tests.Services.StreamPlanServiceTests.ComputeStreamPlan_AppliesMaxTranscodeResolution_Setting [FAIL]</Text>
      </RunInfo>
    </RunInfos>
  </ResultSummary>
</TestRun>