  Determining projects to restore...
  All projects are up-to-date for restore.
  SoftMedia.Server -> C:\Users\Admin\Documents\coding2\SoftMedia\src\SoftMedia.Server\bin\Debug\net8.0\SoftMedia.Server.dll
C:\Users\Admin\Documents\coding2\SoftMedia\tests\SoftMedia.Tests\InteractionLogicTests.cs(19,14): error CS1061: 'DbContextOptionsBuilder<AppDbContext>' does not contain a definition for 'UseInMemoryDatabase' and no accessible extension method 'UseInMemoryDatabase' accepting a first argument of type 'DbContextOptionsBuilder<AppDbContext>' could be found (are you missing a using directive or an assembly reference?) [C:\Users\Admin\Documents\coding2\SoftMedia\tests\SoftMedia.Tests.csproj]
C:\Users\Admin\Documents\coding2\SoftMedia\tests\SoftMedia.Tests\InteractionLogicTests.cs(89,35): error CS7036: There is no argument given that corresponds to the required parameter 'mediaRetrievalService' of 'MediaController.MediaController(AppDbContext, IMediaRetrievalService)' [C:\Users\Admin\Documents\coding2\SoftMedia\tests\SoftMedia.Tests.csproj]

Build FAILED.

C:\Users\Admin\Documents\coding2\SoftMedia\tests\SoftMedia.Tests\InteractionLogicTests.cs(19,14): error CS1061: 'DbContextOptionsBuilder<AppDbContext>' does not contain a definition for 'UseInMemoryDatabase' and no accessible extension method 'UseInMemoryDatabase' accepting a first argument of type 'DbContextOptionsBuilder<AppDbContext>' could be found (are you missing a using directive or an assembly reference?) [C:\Users\Admin\Documents\coding2\SoftMedia\tests\SoftMedia.Tests.csproj]
C:\Users\Admin\Documents\coding2\SoftMedia\tests\SoftMedia.Tests\InteractionLogicTests.cs(89,35): error CS7036: There is no argument given that corresponds to the required parameter 'mediaRetrievalService' of 'MediaController.MediaController(AppDbContext, IMediaRetrievalService)' [C:\Users\Admin\Documents\coding2\SoftMedia\tests\SoftMedia.Tests.csproj]
    0 Warning(s)
    2 Error(s)

Time Elapsed 00:00:01.49

Workload updates are available. Run `dotnet workload list` for more information.
