<?xml version="1.0" encoding="utf-8"?>
<TestRun id="e07b2a7e-36b8-41fb-b5ef-96261305f0c6" name="Admin@GAMING 2026-04-07 01:19:02" runUser="GAMING\Admin" xmlns="http://microsoft.com/schemas/VisualStudio/TeamTest/2010">
  <Times creation="2026-04-07T01:19:02.6572707-06:00" queuing="2026-04-07T01:19:02.6572709-06:00" start="2026-04-07T01:19:02.2609930-06:00" finish="2026-04-07T01:19:05.8253997-06:00" />
  <TestSettings name="default" id="07bcd053-e991-4dc5-9216-80756393ec40">
    <Deployment runDeploymentRoot="Admin_GAMING_2026-04-07_01_19_02" />
  </TestSettings>
  <Results>
    <UnitTestResult executionId="51e1da12-67cb-437b-88d3-cdea5004212f" testId="ebde53d0-ba51-9ad2-eb10-daad05a9f502" testName="SoftMedia.Tests.FileNameParserTests.ParseMovie_ShouldExtractTitleAndYear(fileName: &quot;Unknown Movie.mkv&quot;, expectedTitle: &quot;Unknown Movie&quot;, expectedYear: null)" computerName="GAMING" duration="00:00:00.0026287" startTime="2026-04-07T01:19:02.6483907-06:00" endTime="2026-04-07T01:19:02.6483908-06:00" testType="13cdc9d9-ddb5-4fa4-a97d-d965ccfc6d4b" outcome="Passed" testListId="8c84fa94-04c1-424b-9868-57a2d4851a1d" relativeResultsDirectory="51e1da12-67cb-437b-88d3-cdea5004212f" />
    <UnitTestResult executionId="1c38aded-c682-479c-acd4-15ca087d60ab" testId="e8a4e6d8-1f65-6eea-5a06-cc6c0f7d392c" testName="SoftMedia.Tests.FileNameParserTests.ParseTvEpisode_ShouldExtractShowInfo(fileName: &quot;Show.Name.S10E01.mkv&quot;, expectedShow: &quot;Show Name&quot;, expectedSeason: 10, expectedEpisode: 1, expectedTitle: &quot;&quot;)" computerName="GAMING" duration="00:00:00.0189075" startTime="2026-04-07T01:19:02.6262258-06:00" endTime="2026-04-07T01:19:02.6262259-06:00" testType="13cdc9d9-ddb5-4fa4-a97d-d965ccfc6d4b" outcome="Passed" testListId="8c84fa94-04c1-424b-9868-57a2d4851a1d" relativeResultsDirectory="1c38aded-c682-479c-acd4-15ca087d60ab" />
    <UnitTestResult executionId="df908efc-5d40-46af-a6d1-82c2c751b9b2" testId="982543b6-65f1-d971-573c-2ec8442a07fc" testName="SoftMedia.Tests.Services.Transcoding.TranscodeBurnSubtitlesTests.BuildTranscodeArgumentsAsync_ForceBurnIn_OverridesTextSubtitles" computerName="GAMING" duration="00:00:00.0569580" startTime="2026-04-07T01:19:02.6621056-06:00" endTime="2026-04-07T01:19:02.6621057-06:00" testType="13cdc9d9-ddb5-4fa4-a97d-d965ccfc6d4b" outcome="Passed" testListId="8c84fa94-04c1-424b-9868-57a2d4851a1d" relativeResultsDirectory="df908efc-5d40-46af-a6d1-82c2c751b9b2" />
    <UnitTestResult executionId="4c36ea9e-9398-4b01-9b10-245bcc2bac85" testId="e8aac352-5e23-f38e-552a-af33d739bdd5" testName="SoftMedia.Tests.FileNameParserTests.ParseTvEpisode_ShouldExtractShowInfo(fileName: &quot;Friends S10E17.mp4&quot;, expectedShow: &quot;Friends&quot;, expectedSeason: 10, expectedEpisode: 17, expectedTitle: &quot;&quot;)" computerName="GAMING" duration="00:00:00.0000935" startTime="2026-04-07T01:19:02.6458296-06:00" endTime="2026-04-07T01:19:02.6458296-06:00" testType="13cdc9d9-ddb5-4fa4-a97d-d965ccfc6d4b" outcome="Passed" testListId="8c84fa94-04c1-424b-9868-57a2d4851a1d" relativeResultsDirectory="4c36ea9e-9398-4b01-9b10-245bcc2bac85" />
    <UnitTestResult executionId="a8923b6d-b9dd-4708-9540-5b95332de448" testId="43598bcf-527d-0166-83a1-5783395ede94" testName="SoftMedia.Tests.FileNameParserTests.ParseMovie_ShouldExtractTitleAndYear(fileName: &quot;1999.Austin.Powers-.The.Spy.Who.Shagged.Me.mkv&quot;, expectedTitle: &quot;Austin Powers The Spy Who Shagged Me&quot;, expectedYear: 1999)" computerName="GAMING" duration="00:00:00.0056577" startTime="2026-04-07T01:19:02.6458620-06:00" endTime="2026-04-07T01:19:02.6458621-06:00" testType="13cdc9d9-ddb5-4fa4-a97d-d965ccfc6d4b" outcome="Passed" testListId="8c84fa94-04c1-424b-9868-57a2d4851a1d" relativeResultsDirectory="a8923b6d-b9dd-4708-9540-5b95332de448" />
    <UnitTestResult executionId="1e88f0ca-d270-4ea2-9b6d-c5b7ced235b7" testId="0f70cde8-d5df-4df1-afc7-c460645a442e" testName="SoftMedia.Tests.FileNameParserTests.ParseTvEpisode_ShouldExtractShowInfo(fileName: &quot;My Show S10E01.mkv&quot;, expectedShow: &quot;My Show&quot;, expectedSeason: 10, expectedEpisode: 1, expectedTitle: &quot;&quot;)" computerName="GAMING" duration="00:00:00.0000685" startTime="2026-04-07T01:19:02.6458049-06:00" endTime="2026-04-07T01:19:02.6458049-06:00" testType="13cdc9d9-ddb5-4fa4-a97d-d965ccfc6d4b" outcome="Passed" testListId="8c84fa94-04c1-424b-9868-57a2d4851a1d" relativeResultsDirectory="1e88f0ca-d270-4ea2-9b6d-c5b7ced235b7" />
    <UnitTestResult executionId="bd8f21f1-3f22-4f04-9685-4a168089c5a4" testId="7276ba79-7c91-e399-cc51-3c6eb31d76d7" testName="SoftMedia.Tests.InteractionLogicTests.RateMedia_UpdatesInternalRating_ViaService" computerName="GAMING" duration="00:00:00.8172556" startTime="2026-04-07T01:19:03.4449471-06:00" endTime="2026-04-07T01:19:03.4449472-06:00" testType="13cdc9d9-ddb5-4fa4-a97d-d965ccfc6d4b" outcome="Passed" testListId="8c84fa94-04c1-424b-9868-57a2d4851a1d" relativeResultsDirectory="bd8f21f1-3f22-4f04-9685-4a168089c5a4" />
    <UnitTestResult executionId="e0d3b69d-1968-483c-b1d9-0e02b9004eec" testId="dad38409-5439-425a-3eff-24b26727865f" testName="SoftMedia.Tests.InteractionLogicTests.MediaItemDto_SeparatesInternalAndExternalRatings" computerName="GAMING" duration="00:00:00.0224683" startTime="2026-04-07T01:19:02.6276545-06:00" endTime="2026-04-07T01:19:02.6276546-06:00" testType="13cdc9d9-ddb5-4fa4-a97d-d965ccfc6d4b" outcome="Passed" testListId="8c84fa94-04c1-424b-9868-57a2d4851a1d" relativeResultsDirectory="e0d3b69d-1968-483c-b1d9-0e02b9004eec" />
    <UnitTestResult executionId="784703e6-e50e-4012-a2a3-16121d9bfc9f" testId="d9bb4241-61c1-384b-e3b9-5a259d84d58f" testName="SoftMedia.Tests.FileNameParserTests.ParseMovie_ShouldExtractTitleAndYear(fileName: &quot;The.Matrix.1999.1080p.mkv&quot;, expectedTitle: &quot;The Matrix&quot;, expectedYear: 1999)" computerName="GAMING" duration="00:00:00.0000891" startTime="2026-04-07T01:19:02.6459239-06:00" endTime="2026-04-07T01:19:02.6459239-06:00" testType="13cdc9d9-ddb5-4fa4-a97d-d965ccfc6d4b" outcome="Passed" testListId="8c84fa94-04c1-424b-9868-57a2d4851a1d" relativeResultsDirectory="784703e6-e50e-4012-a2a3-16121d9bfc9f" />
    <UnitTestResult executionId="8361b239-8008-4f87-a78f-2f16437a5ccc" testId="4778391f-c610-40ee-adb8-6e8984ccadcc" testName="SoftMedia.Tests.MetadataResultTests.MetadataResult_ShouldSerializeAndDeserializeCorrectly_PreservingCamelCase" computerName="GAMING" duration="00:00:00.0115841" startTime="2026-04-07T01:19:02.6484323-06:00" endTime="2026-04-07T01:19:02.6484323-06:00" testType="13cdc9d9-ddb5-4fa4-a97d-d965ccfc6d4b" outcome="Passed" testListId="8c84fa94-04c1-424b-9868-57a2d4851a1d" relativeResultsDirectory="8361b239-8008-4f87-a78f-2f16437a5ccc" />
    <UnitTestResult executionId="6bdd6e73-bf15-4b8a-b76d-4758c50bda62" testId="69f20aab-6a45-73a8-0f28-afdb234df650" testName="SoftMedia.Tests.UnitTest1.Test1" computerName="GAMING" duration="00:00:00.0017409" startTime="2026-04-07T01:19:02.6144036-06:00" endTime="2026-04-07T01:19:02.6144175-06:00" testType="13cdc9d9-ddb5-4fa4-a97d-d965ccfc6d4b" outcome="Passed" testListId="8c84fa94-04c1-424b-9868-57a2d4851a1d" relativeResultsDirectory="6bdd6e73-bf15-4b8a-b76d-4758c50bda62" />
    <UnitTestResult executionId="d4d3c6d0-89ff-4f81-b0b7-8b32edfbd8b2" testId="7d29532d-10eb-af08-4db3-a2179e1e1fb6" testName="SoftMedia.Tests.Services.Transcoding.TranscodeServiceTests.StartTranscodeAsync_DifferentResolution_RestartsSession" computerName="GAMING" duration="00:00:03.1812258" startTime="2026-04-07T01:19:05.7867232-06:00" endTime="2026-04-07T01:19:05.7867234-06:00" testType="13cdc9d9-ddb5-4fa4-a97d-d965ccfc6d4b" outcome="Passed" testListId="8c84fa94-04c1-424b-9868-57a2d4851a1d" relativeResultsDirectory="d4d3c6d0-89ff-4f81-b0b7-8b32edfbd8b2" />
    <UnitTestResult executionId="3a16839a-0629-4229-a0b8-4fa84de801c9" testId="b36a3d75-03e7-ca19-c389-6ed9de9c2251" testName="SoftMedia.Tests.Services.Transcoding.TranscodeProfileBuilderTests.BuildTranscodeArgumentsAsync_BitmapSubtitle_UsesScale2Ref" computerName="GAMING" duration="00:00:00.0569404" startTime="2026-04-07T01:19:02.6620888-06:00" endTime="2026-04-07T01:19:02.6620889-06:00" testType="13cdc9d9-ddb5-4fa4-a97d-d965ccfc6d4b" outcome="Passed" testListId="8c84fa94-04c1-424b-9868-57a2d4851a1d" relativeResultsDirectory="3a16839a-0629-4229-a0b8-4fa84de801c9" />
    <UnitTestResult executionId="f8c8cdfc-4450-47d5-80da-c1ddc5a1fa16" testId="ccc14fa8-0fca-8f52-4a92-9f55a128a917" testName="SoftMedia.Tests.FileNameParserTests.ParseMovie_ShouldExtractTitleAndYear(fileName: &quot;Inception (2010).mp4&quot;, expectedTitle: &quot;Inception&quot;, expectedYear: 2010)" computerName="GAMING" duration="00:00:00.0000999" startTime="2026-04-07T01:19:02.6494188-06:00" endTime="2026-04-07T01:19:02.6494188-06:00" testType="13cdc9d9-ddb5-4fa4-a97d-d965ccfc6d4b" outcome="Passed" testListId="8c84fa94-04c1-424b-9868-57a2d4851a1d" relativeResultsDirectory="f8c8cdfc-4450-47d5-80da-c1ddc5a1fa16" />
    <UnitTestResult executionId="98cce762-3b09-4e42-8a15-aae735376eb7" testId="defbdc72-82f2-3282-3f23-40e1ace8bd47" testName="SoftMedia.Tests.FileNameParserTests.ParseMovie_ShouldExtractTitleAndYear(fileName: &quot;Avatar.2009.Extended.Collector's.Edition.1080p.Blu&quot;···, expectedTitle: &quot;Avatar&quot;, expectedYear: 2009)" computerName="GAMING" duration="00:00:00.0000924" startTime="2026-04-07T01:19:02.6494790-06:00" endTime="2026-04-07T01:19:02.6494790-06:00" testType="13cdc9d9-ddb5-4fa4-a97d-d965ccfc6d4b" outcome="Passed" testListId="8c84fa94-04c1-424b-9868-57a2d4851a1d" relativeResultsDirectory="98cce762-3b09-4e42-8a15-aae735376eb7" />
    <UnitTestResult executionId="c46ee1ff-81d4-4bed-a6ab-dfe176203f5d" testId="1f9d9e7a-c298-3285-4989-903992fdae53" testName="SoftMedia.Tests.Services.Transcoding.TranscodeHdrSubtitleTests.BuildTranscodeArgumentsAsync_HdrWithSubtitles_Nvidia_CurrentlyBypassesToneMapping" computerName="GAMING" duration="00:00:00.0577672" startTime="2026-04-07T01:19:02.6628781-06:00" endTime="2026-04-07T01:19:02.6628782-06:00" testType="13cdc9d9-ddb5-4fa4-a97d-d965ccfc6d4b" outcome="Passed" testListId="8c84fa94-04c1-424b-9868-57a2d4851a1d" relativeResultsDirectory="c46ee1ff-81d4-4bed-a6ab-dfe176203f5d" />
    <UnitTestResult executionId="6079a7bc-7d01-4909-94c7-83d6a394e89c" testId="c6c7e583-0b8c-2b91-6888-310e7bcead66" testName="SoftMedia.Tests.FileNameParserTests.ParseTvEpisode_ShouldExtractShowInfo(fileName: &quot;Breaking.Bad.S01E01.mkv&quot;, expectedShow: &quot;Breaking Bad&quot;, expectedSeason: 1, expectedEpisode: 1, expectedTitle: &quot;&quot;)" computerName="GAMING" duration="00:00:00.0001429" startTime="2026-04-07T01:19:02.6391738-06:00" endTime="2026-04-07T01:19:02.6391739-06:00" testType="13cdc9d9-ddb5-4fa4-a97d-d965ccfc6d4b" outcome="Passed" testListId="8c84fa94-04c1-424b-9868-57a2d4851a1d" relativeResultsDirectory="6079a7bc-7d01-4909-94c7-83d6a394e89c" />
    <UnitTestResult executionId="8cf20b6e-1d12-45a0-9a70-bacbd1fa44c2" testId="76635c95-3385-9edd-6651-fae81f7149d6" testName="SoftMedia.Tests.MetadataResultTests.MetadataResult_ShouldSupportJsonExtensionData_ForBackwardCompatibility" computerName="GAMING" duration="00:00:00.0294060" startTime="2026-04-07T01:19:02.6367230-06:00" endTime="2026-04-07T01:19:02.6367232-06:00" testType="13cdc9d9-ddb5-4fa4-a97d-d965ccfc6d4b" outcome="Passed" testListId="8c84fa94-04c1-424b-9868-57a2d4851a1d" relativeResultsDirectory="8cf20b6e-1d12-45a0-9a70-bacbd1fa44c2" />
    <UnitTestResult executionId="e1f0738f-b09c-49ef-a779-bb11568545a3" testId="0ce6961e-fbfd-5b6b-29f1-d4c763c09375" testName="SoftMedia.Tests.WikidataProviderTests.FetchMetadataAsync_ShouldReturnMetadata_WhenTitleExists" computerName="GAMING" duration="00:00:00.1704002" startTime="2026-04-07T01:19:02.8258298-06:00" endTime="2026-04-07T01:19:02.8258299-06:00" testType="13cdc9d9-ddb5-4fa4-a97d-d965ccfc6d4b" outcome="Passed" testListId="8c84fa94-04c1-424b-9868-57a2d4851a1d" relativeResultsDirectory="e1f0738f-b09c-49ef-a779-bb11568545a3" />
    <UnitTestResult executionId="a75a5727-b400-4c3b-aaf2-d454f67dd923" testId="9eab209e-8103-8a4a-95ad-e45d17c21c87" testName="SoftMedia.Tests.Services.Transcoding.HlsManifestServiceTests.GenerateMasterPlaylistAsync_InjectsSubtitleAttribute_WhenSubtitlesPresent" computerName="GAMING" duration="00:00:00.0428165" startTime="2026-04-07T01:19:02.6479365-06:00" endTime="2026-04-07T01:19:02.6479366-06:00" testType="13cdc9d9-ddb5-4fa4-a97d-d965ccfc6d4b" outcome="Passed" testListId="8c84fa94-04c1-424b-9868-57a2d4851a1d" relativeResultsDirectory="a75a5727-b400-4c3b-aaf2-d454f67dd923" />
    <UnitTestResult executionId="44c611f5-b470-43cd-a00f-5a73a982ce2f" testId="da01d859-0c52-89d4-5266-94ee489811cd" testName="SoftMedia.Tests.FileNameParserTests.ParseMovie_ShouldExtractTitleAndYear(fileName: &quot;Interstellar_2014_IMAX_1080p.mkv&quot;, expectedTitle: &quot;Interstellar&quot;, expectedYear: 2014)" computerName="GAMING" duration="00:00:00.0001102" startTime="2026-04-07T01:19:02.6495069-06:00" endTime="2026-04-07T01:19:02.6495070-06:00" testType="13cdc9d9-ddb5-4fa4-a97d-d965ccfc6d4b" outcome="Passed" testListId="8c84fa94-04c1-424b-9868-57a2d4851a1d" relativeResultsDirectory="44c611f5-b470-43cd-a00f-5a73a982ce2f" />
    <UnitTestResult executionId="ff152b24-897e-4c22-9863-8e16bf0f6710" testId="59f95be0-1296-7421-15a1-f1b0813e8fea" testName="SoftMedia.Tests.InteractionLogicTests.MediaItemDto_IncludesUserInteraction" computerName="GAMING" duration="00:00:00.0688434" startTime="2026-04-07T01:19:03.5138589-06:00" endTime="2026-04-07T01:19:03.5138590-06:00" testType="13cdc9d9-ddb5-4fa4-a97d-d965ccfc6d4b" outcome="Passed" testListId="8c84fa94-04c1-424b-9868-57a2d4851a1d" relativeResultsDirectory="ff152b24-897e-4c22-9863-8e16bf0f6710" />
    <UnitTestResult executionId="bda13e59-a78c-481b-b000-bf58823ed984" testId="b79bac93-0d9d-74b7-4799-fdb58c8849ce" testName="SoftMedia.Tests.FileNameParserTests.ParseTvEpisode_ShouldExtractShowInfo(fileName: &quot;Game of Thrones - 1x01 - Winter Is Coming.mkv&quot;, expectedShow: &quot;Game of Thrones&quot;, expectedSeason: 1, expectedEpisode: 1, expectedTitle: &quot;Winter Is Coming&quot;)" computerName="GAMING" duration="00:00:00.0001309" startTime="2026-04-07T01:19:02.6457677-06:00" endTime="2026-04-07T01:19:02.6457678-06:00" testType="13cdc9d9-ddb5-4fa4-a97d-d965ccfc6d4b" outcome="Passed" testListId="8c84fa94-04c1-424b-9868-57a2d4851a1d" relativeResultsDirectory="bda13e59-a78c-481b-b000-bf58823ed984" />
    <UnitTestResult executionId="0675d472-f26b-48de-8f58-0581a007aeba" testId="5d8bc39c-8724-3fe0-c74e-462e83c102d3" testName="SoftMedia.Tests.FileNameParserTests.ParseTvEpisode_ShouldExtractShowInfo(fileName: &quot;The.Office.US.Season.2.Episode.5.avi&quot;, expectedShow: &quot;The Office US&quot;, expectedSeason: 2, expectedEpisode: 5, expectedTitle: &quot;&quot;)" computerName="GAMING" duration="00:00:00.0127579" startTime="2026-04-07T01:19:02.6390088-06:00" endTime="2026-04-07T01:19:02.6390089-06:00" testType="13cdc9d9-ddb5-4fa4-a97d-d965ccfc6d4b" outcome="Passed" testListId="8c84fa94-04c1-424b-9868-57a2d4851a1d" relativeResultsDirectory="0675d472-f26b-48de-8f58-0581a007aeba" />
    <UnitTestResult executionId="14438a26-055f-49aa-9fb5-abe17b657fe4" testId="e0da054c-31cf-6ccf-8509-517546dd0343" testName="SoftMedia.Tests.FileNameParserTests.ParseTvEpisode_ShouldExtractShowInfo(fileName: &quot;S10E01.mkv&quot;, expectedShow: &quot;&quot;, expectedSeason: 10, expectedEpisode: 1, expectedTitle: &quot;&quot;)" computerName="GAMING" duration="00:00:00.0000077" startTime="2026-04-07T01:19:02.6392078-06:00" endTime="2026-04-07T01:19:02.6392078-06:00" testType="13cdc9d9-ddb5-4fa4-a97d-d965ccfc6d4b" outcome="Passed" testListId="8c84fa94-04c1-424b-9868-57a2d4851a1d" relativeResultsDirectory="14438a26-055f-49aa-9fb5-abe17b657fe4" />
    <UnitTestResult executionId="50aae9d7-6a43-4972-aa2f-be4aeeaae946" testId="38354bf3-e2d4-a191-1dd7-25079ca8c3c6" testName="SoftMedia.Tests.FileNameParserTests.ParseMovie_ShouldExtractTitleAndYear(fileName: &quot;1997.Austin.Powers-.International.Man.Of.Mystery.1&quot;···, expectedTitle: &quot;Austin Powers International Man Of Mystery&quot;, expectedYear: 1997)" computerName="GAMING" duration="00:00:00.0002445" startTime="2026-04-07T01:19:02.6458956-06:00" endTime="2026-04-07T01:19:02.6458956-06:00" testType="13cdc9d9-ddb5-4fa4-a97d-d965ccfc6d4b" outcome="Passed" testListId="8c84fa94-04c1-424b-9868-57a2d4851a1d" relativeResultsDirectory="50aae9d7-6a43-4972-aa2f-be4aeeaae946" />
    <UnitTestResult executionId="9a8d9899-fbf6-46a3-b235-16eb7528fb78" testId="c0ae0af8-e6b2-5aac-6f65-b117e64b3ef6" testName="SoftMedia.Tests.WikidataProviderTests.FetchMetadataAsync_ShouldParseResponseCorrectly" computerName="GAMING" duration="00:00:00.0468577" startTime="2026-04-07T01:19:02.6542023-06:00" endTime="2026-04-07T01:19:02.6542024-06:00" testType="13cdc9d9-ddb5-4fa4-a97d-d965ccfc6d4b" outcome="Passed" testListId="8c84fa94-04c1-424b-9868-57a2d4851a1d" relativeResultsDirectory="9a8d9899-fbf6-46a3-b235-16eb7528fb78" />
    <UnitTestResult executionId="7fa2453b-7459-4efe-b319-09303a4240c7" testId="a65dc05c-47ac-ec2b-11e4-84156446ac76" testName="SoftMedia.Tests.FileNameParserTests.ParseMovie_ShouldExtractTitleAndYear(fileName: &quot;2002.Austin.Powers-.Goldmember.1920x816.BDRip.x264&quot;···, expectedTitle: &quot;Austin Powers Goldmember&quot;, expectedYear: 2002)" computerName="GAMING" duration="00:00:00.0000956" startTime="2026-04-07T01:19:02.6494493-06:00" endTime="2026-04-07T01:19:02.6494494-06:00" testType="13cdc9d9-ddb5-4fa4-a97d-d965ccfc6d4b" outcome="Passed" testListId="8c84fa94-04c1-424b-9868-57a2d4851a1d" relativeResultsDirectory="7fa2453b-7459-4efe-b319-09303a4240c7" />
  </Results>
  <TestDefinitions>
    <UnitTest name="SoftMedia.Tests.FileNameParserTests.ParseMovie_ShouldExtractTitleAndYear(fileName: &quot;Unknown Movie.mkv&quot;, expectedTitle: &quot;Unknown Movie&quot;, expectedYear: null)" storage="c:\users\admin\documents\coding2\softmedia\tests\softmedia.tests\bin\debug\net8.0\softmedia.tests.dll" id="ebde53d0-ba51-9ad2-eb10-daad05a9f502">
      <Execution id="51e1da12-67cb-437b-88d3-cdea5004212f" />
      <TestMethod codeBase="C:\Users\Admin\Documents\coding2\SoftMedia\tests\SoftMedia.Tests\bin\Debug\net8.0\SoftMedia.Tests.dll" adapterTypeName="executor://xunit/VsTestRunner2/netcoreapp" className="SoftMedia.Tests.FileNameParserTests" name="ParseMovie_ShouldExtractTitleAndYear" />
    </UnitTest>
    <UnitTest name="SoftMedia.Tests.WikidataProviderTests.FetchMetadataAsync_ShouldParseResponseCorrectly" storage="c:\users\admin\documents\coding2\softmedia\tests\softmedia.tests\bin\debug\net8.0\softmedia.tests.dll" id="c0ae0af8-e6b2-5aac-6f65-b117e64b3ef6">
      <Execution id="9a8d9899-fbf6-46a3-b235-16eb7528fb78" />
      <TestMethod codeBase="C:\Users\Admin\Documents\coding2\SoftMedia\tests\SoftMedia.Tests\bin\Debug\net8.0\SoftMedia.Tests.dll" adapterTypeName="executor://xunit/VsTestRunner2/netcoreapp" className="SoftMedia.Tests.WikidataProviderTests" name="FetchMetadataAsync_ShouldParseResponseCorrectly" />
    </UnitTest>
    <UnitTest name="SoftMedia.Tests.FileNameParserTests.ParseTvEpisode_ShouldExtractShowInfo(fileName: &quot;S10E01.mkv&quot;, expectedShow: &quot;&quot;, expectedSeason: 10, expectedEpisode: 1, expectedTitle: &quot;&quot;)" storage="c:\users\admin\documents\coding2\softmedia\tests\softmedia.tests\bin\debug\net8.0\softmedia.tests.dll" id="e0da054c-31cf-6ccf-8509-517546dd0343">
      <Execution id="14438a26-055f-49aa-9fb5-abe17b657fe4" />
      <TestMethod codeBase="C:\Users\Admin\Documents\coding2\SoftMedia\tests\SoftMedia.Tests\bin\Debug\net8.0\SoftMedia.Tests.dll" adapterTypeName="executor://xunit/VsTestRunner2/netcoreapp" className="SoftMedia.Tests.FileNameParserTests" name="ParseTvEpisode_ShouldExtractShowInfo" />
    </UnitTest>
    <UnitTest name="SoftMedia.Tests.WikidataProviderTests.FetchMetadataAsync_ShouldReturnMetadata_WhenTitleExists" storage="c:\users\admin\documents\coding2\softmedia\tests\softmedia.tests\bin\debug\net8.0\softmedia.tests.dll" id="0ce6961e-fbfd-5b6b-29f1-d4c763c09375">
      <Execution id="e1f0738f-b09c-49ef-a779-bb11568545a3" />
      <TestMethod codeBase="C:\Users\Admin\Documents\coding2\SoftMedia\tests\SoftMedia.Tests\bin\Debug\net8.0\SoftMedia.Tests.dll" adapterTypeName="executor://xunit/VsTestRunner2/netcoreapp" className="SoftMedia.Tests.WikidataProviderTests" name="FetchMetadataAsync_ShouldReturnMetadata_WhenTitleExists" />
    </UnitTest>
    <UnitTest name="SoftMedia.Tests.FileNameParserTests.ParseTvEpisode_ShouldExtractShowInfo(fileName: &quot;Breaking.Bad.S01E01.mkv&quot;, expectedShow: &quot;Breaking Bad&quot;, expectedSeason: 1, expectedEpisode: 1, expectedTitle: &quot;&quot;)" storage="c:\users\admin\documents\coding2\softmedia\tests\softmedia.tests\bin\debug\net8.0\softmedia.tests.dll" id="c6c7e583-0b8c-2b91-6888-310e7bcead66">
      <Execution id="6079a7bc-7d01-4909-94c7-83d6a394e89c" />
      <TestMethod codeBase="C:\Users\Admin\Documents\coding2\SoftMedia\tests\SoftMedia.Tests\bin\Debug\net8.0\SoftMedia.Tests.dll" adapterTypeName="executor://xunit/VsTestRunner2/netcoreapp" className="SoftMedia.Tests.FileNameParserTests" name="ParseTvEpisode_ShouldExtractShowInfo" />
    </UnitTest>
    <UnitTest name="SoftMedia.Tests.MetadataResultTests.MetadataResult_ShouldSerializeAndDeserializeCorrectly_PreservingCamelCase" storage="c:\users\admin\documents\coding2\softmedia\tests\softmedia.tests\bin\debug\net8.0\softmedia.tests.dll" id="4778391f-c610-40ee-adb8-6e8984ccadcc">
      <Execution id="8361b239-8008-4f87-a78f-2f16437a5ccc" />
      <TestMethod codeBase="C:\Users\Admin\Documents\coding2\SoftMedia\tests\SoftMedia.Tests\bin\Debug\net8.0\SoftMedia.Tests.dll" adapterTypeName="executor://xunit/VsTestRunner2/netcoreapp" className="SoftMedia.Tests.MetadataResultTests" name="MetadataResult_ShouldSerializeAndDeserializeCorrectly_PreservingCamelCase" />
    </UnitTest>
    <UnitTest name="SoftMedia.Tests.InteractionLogicTests.MediaItemDto_SeparatesInternalAndExternalRatings" storage="c:\users\admin\documents\coding2\softmedia\tests\softmedia.tests\bin\debug\net8.0\softmedia.tests.dll" id="dad38409-5439-425a-3eff-24b26727865f">
      <Execution id="e0d3b69d-1968-483c-b1d9-0e02b9004eec" />
      <TestMethod codeBase="C:\Users\Admin\Documents\coding2\SoftMedia\tests\SoftMedia.Tests\bin\Debug\net8.0\SoftMedia.Tests.dll" adapterTypeName="executor://xunit/VsTestRunner2/netcoreapp" className="SoftMedia.Tests.InteractionLogicTests" name="MediaItemDto_SeparatesInternalAndExternalRatings" />
    </UnitTest>
    <UnitTest name="SoftMedia.Tests.Services.Transcoding.TranscodeServiceTests.StartTranscodeAsync_DifferentResolution_RestartsSession" storage="c:\users\admin\documents\coding2\softmedia\tests\softmedia.tests\bin\debug\net8.0\softmedia.tests.dll" id="7d29532d-10eb-af08-4db3-a2179e1e1fb6">
      <Execution id="d4d3c6d0-89ff-4f81-b0b7-8b32edfbd8b2" />
      <TestMethod codeBase="C:\Users\Admin\Documents\coding2\SoftMedia\tests\SoftMedia.Tests\bin\Debug\net8.0\SoftMedia.Tests.dll" adapterTypeName="executor://xunit/VsTestRunner2/netcoreapp" className="SoftMedia.Tests.Services.Transcoding.TranscodeServiceTests" name="StartTranscodeAsync_DifferentResolution_RestartsSession" />
    </UnitTest>
    <UnitTest name="SoftMedia.Tests.InteractionLogicTests.MediaItemDto_IncludesUserInteraction" storage="c:\users\admin\documents\coding2\softmedia\tests\softmedia.tests\bin\debug\net8.0\softmedia.tests.dll" id="59f95be0-1296-7421-15a1-f1b0813e8fea">
      <Execution id="ff152b24-897e-4c22-9863-8e16bf0f6710" />
      <TestMethod codeBase="C:\Users\Admin\Documents\coding2\SoftMedia\tests\SoftMedia.Tests\bin\Debug\net8.0\SoftMedia.Tests.dll" adapterTypeName="executor://xunit/VsTestRunner2/netcoreapp" className="SoftMedia.Tests.InteractionLogicTests" name="MediaItemDto_IncludesUserInteraction" />
    </UnitTest>
    <UnitTest name="SoftMedia.Tests.FileNameParserTests.ParseMovie_ShouldExtractTitleAndYear(fileName: &quot;1999.Austin.Powers-.The.Spy.Who.Shagged.Me.mkv&quot;, expectedTitle: &quot;Austin Powers The Spy Who Shagged Me&quot;, expectedYear: 1999)" storage="c:\users\admin\documents\coding2\softmedia\tests\softmedia.tests\bin\debug\net8.0\softmedia.tests.dll" id="43598bcf-527d-0166-83a1-5783395ede94">
      <Execution id="a8923b6d-b9dd-4708-9540-5b95332de448" />
      <TestMethod codeBase="C:\Users\Admin\Documents\coding2\SoftMedia\tests\SoftMedia.Tests\bin\Debug\net8.0\SoftMedia.Tests.dll" adapterTypeName="executor://xunit/VsTestRunner2/netcoreapp" className="SoftMedia.Tests.FileNameParserTests" name="ParseMovie_ShouldExtractTitleAndYear" />
    </UnitTest>
    <UnitTest name="SoftMedia.Tests.Services.Transcoding.TranscodeBurnSubtitlesTests.BuildTranscodeArgumentsAsync_ForceBurnIn_OverridesTextSubtitles" storage="c:\users\admin\documents\coding2\softmedia\tests\softmedia.tests\bin\debug\net8.0\softmedia.tests.dll" id="982543b6-65f1-d971-573c-2ec8442a07fc">
      <Execution id="df908efc-5d40-46af-a6d1-82c2c751b9b2" />
      <TestMethod codeBase="C:\Users\Admin\Documents\coding2\SoftMedia\tests\SoftMedia.Tests\bin\Debug\net8.0\SoftMedia.Tests.dll" adapterTypeName="executor://xunit/VsTestRunner2/netcoreapp" className="SoftMedia.Tests.Services.Transcoding.TranscodeBurnSubtitlesTests" name="BuildTranscodeArgumentsAsync_ForceBurnIn_OverridesTextSubtitles" />
    </UnitTest>
    <UnitTest name="SoftMedia.Tests.MetadataResultTests.MetadataResult_ShouldSupportJsonExtensionData_ForBackwardCompatibility" storage="c:\users\admin\documents\coding2\softmedia\tests\softmedia.tests\bin\debug\net8.0\softmedia.tests.dll" id="76635c95-3385-9edd-6651-fae81f7149d6">
      <Execution id="8cf20b6e-1d12-45a0-9a70-bacbd1fa44c2" />
      <TestMethod codeBase="C:\Users\Admin\Documents\coding2\SoftMedia\tests\SoftMedia.Tests\bin\Debug\net8.0\SoftMedia.Tests.dll" adapterTypeName="executor://xunit/VsTestRunner2/netcoreapp" className="SoftMedia.Tests.MetadataResultTests" name="MetadataResult_ShouldSupportJsonExtensionData_ForBackwardCompatibility" />
    </UnitTest>
    <UnitTest name="SoftMedia.Tests.FileNameParserTests.ParseTvEpisode_ShouldExtractShowInfo(fileName: &quot;My Show S10E01.mkv&quot;, expectedShow: &quot;My Show&quot;, expectedSeason: 10, expectedEpisode: 1, expectedTitle: &quot;&quot;)" storage="c:\users\admin\documents\coding2\softmedia\tests\softmedia.tests\bin\debug\net8.0\softmedia.tests.dll" id="0f70cde8-d5df-4df1-afc7-c460645a442e">
      <Execution id="1e88f0ca-d270-4ea2-9b6d-c5b7ced235b7" />
      <TestMethod codeBase="C:\Users\Admin\Documents\coding2\SoftMedia\tests\SoftMedia.Tests\bin\Debug\net8.0\SoftMedia.Tests.dll" adapterTypeName="executor://xunit/VsTestRunner2/netcoreapp" className="SoftMedia.Tests.FileNameParserTests" name="ParseTvEpisode_ShouldExtractShowInfo" />
    </UnitTest>
    <UnitTest name="SoftMedia.Tests.FileNameParserTests.ParseMovie_ShouldExtractTitleAndYear(fileName: &quot;Avatar.2009.Extended.Collector's.Edition.1080p.Blu&quot;···, expectedTitle: &quot;Avatar&quot;, expectedYear: 2009)" storage="c:\users\admin\documents\coding2\softmedia\tests\softmedia.tests\bin\debug\net8.0\softmedia.tests.dll" id="defbdc72-82f2-3282-3f23-40e1ace8bd47">
      <Execution id="98cce762-3b09-4e42-8a15-aae735376eb7" />
      <TestMethod codeBase="C:\Users\Admin\Documents\coding2\SoftMedia\tests\SoftMedia.Tests\bin\Debug\net8.0\SoftMedia.Tests.dll" adapterTypeName="executor://xunit/VsTestRunner2/netcoreapp" className="SoftMedia.Tests.FileNameParserTests" name="ParseMovie_ShouldExtractTitleAndYear" />
    </UnitTest>
    <UnitTest name="SoftMedia.Tests.FileNameParserTests.ParseMovie_ShouldExtractTitleAndYear(fileName: &quot;2002.Austin.Powers-.Goldmember.1920x816.BDRip.x264&quot;···, expectedTitle: &quot;Austin Powers Goldmember&quot;, expectedYear: 2002)" storage="c:\users\admin\documents\coding2\softmedia\tests\softmedia.tests\bin\debug\net8.0\softmedia.tests.dll" id="a65dc05c-47ac-ec2b-11e4-84156446ac76">
      <Execution id="7fa2453b-7459-4efe-b319-09303a4240c7" />
      <TestMethod codeBase="C:\Users\Admin\Documents\coding2\SoftMedia\tests\SoftMedia.Tests\bin\Debug\net8.0\SoftMedia.Tests.dll" adapterTypeName="executor://xunit/VsTestRunner2/netcoreapp" className="SoftMedia.Tests.FileNameParserTests" name="ParseMovie_ShouldExtractTitleAndYear" />
    </UnitTest>
    <UnitTest name="SoftMedia.Tests.FileNameParserTests.ParseTvEpisode_ShouldExtractShowInfo(fileName: &quot;Friends S10E17.mp4&quot;, expectedShow: &quot;Friends&quot;, expectedSeason: 10, expectedEpisode: 17, expectedTitle: &quot;&quot;)" storage="c:\users\admin\documents\coding2\softmedia\tests\softmedia.tests\bin\debug\net8.0\softmedia.tests.dll" id="e8aac352-5e23-f38e-552a-af33d739bdd5">
      <Execution id="4c36ea9e-9398-4b01-9b10-245bcc2bac85" />
      <TestMethod codeBase="C:\Users\Admin\Documents\coding2\SoftMedia\tests\SoftMedia.Tests\bin\Debug\net8.0\SoftMedia.Tests.dll" adapterTypeName="executor://xunit/VsTestRunner2/netcoreapp" className="SoftMedia.Tests.FileNameParserTests" name="ParseTvEpisode_ShouldExtractShowInfo" />
    </UnitTest>
    <UnitTest name="SoftMedia.Tests.FileNameParserTests.ParseMovie_ShouldExtractTitleAndYear(fileName: &quot;The.Matrix.1999.1080p.mkv&quot;, expectedTitle: &quot;The Matrix&quot;, expectedYear: 1999)" storage="c:\users\admin\documents\coding2\softmedia\tests\softmedia.tests\bin\debug\net8.0\softmedia.tests.dll" id="d9bb4241-61c1-384b-e3b9-5a259d84d58f">
      <Execution id="784703e6-e50e-4012-a2a3-16121d9bfc9f" />
      <TestMethod codeBase="C:\Users\Admin\Documents\coding2\SoftMedia\tests\SoftMedia.Tests\bin\Debug\net8.0\SoftMedia.Tests.dll" adapterTypeName="executor://xunit/VsTestRunner2/netcoreapp" className="SoftMedia.Tests.FileNameParserTests" name="ParseMovie_ShouldExtractTitleAndYear" />
    </UnitTest>
    <UnitTest name="SoftMedia.Tests.Services.Transcoding.TranscodeHdrSubtitleTests.BuildTranscodeArgumentsAsync_HdrWithSubtitles_Nvidia_CurrentlyBypassesToneMapping" storage="c:\users\admin\documents\coding2\softmedia\tests\softmedia.tests\bin\debug\net8.0\softmedia.tests.dll" id="1f9d9e7a-c298-3285-4989-903992fdae53">
      <Execution id="c46ee1ff-81d4-4bed-a6ab-dfe176203f5d" />
      <TestMethod codeBase="C:\Users\Admin\Documents\coding2\SoftMedia\tests\SoftMedia.Tests\bin\Debug\net8.0\SoftMedia.Tests.dll" adapterTypeName="executor://xunit/VsTestRunner2/netcoreapp" className="SoftMedia.Tests.Services.Transcoding.TranscodeHdrSubtitleTests" name="BuildTranscodeArgumentsAsync_HdrWithSubtitles_Nvidia_CurrentlyBypassesToneMapping" />
    </UnitTest>
    <UnitTest name="SoftMedia.Tests.FileNameParserTests.ParseTvEpisode_ShouldExtractShowInfo(fileName: &quot;Show.Name.S10E01.mkv&quot;, expectedShow: &quot;Show Name&quot;, expectedSeason: 10, expectedEpisode: 1, expectedTitle: &quot;&quot;)" storage="c:\users\admin\documents\coding2\softmedia\tests\softmedia.tests\bin\debug\net8.0\softmedia.tests.dll" id="e8a4e6d8-1f65-6eea-5a06-cc6c0f7d392c">
      <Execution id="1c38aded-c682-479c-acd4-15ca087d60ab" />
      <TestMethod codeBase="C:\Users\Admin\Documents\coding2\SoftMedia\tests\SoftMedia.Tests\bin\Debug\net8.0\SoftMedia.Tests.dll" adapterTypeName="executor://xunit/VsTestRunner2/netcoreapp" className="SoftMedia.Tests.FileNameParserTests" name="ParseTvEpisode_ShouldExtractShowInfo" />
    </UnitTest>
    <UnitTest name="SoftMedia.Tests.FileNameParserTests.ParseTvEpisode_ShouldExtractShowInfo(fileName: &quot;Game of Thrones - 1x01 - Winter Is Coming.mkv&quot;, expectedShow: &quot;Game of Thrones&quot;, expectedSeason: 1, expectedEpisode: 1, expectedTitle: &quot;Winter Is Coming&quot;)" storage="c:\users\admin\documents\coding2\softmedia\tests\softmedia.tests\bin\debug\net8.0\softmedia.tests.dll" id="b79bac93-0d9d-74b7-4799-fdb58c8849ce">
      <Execution id="bda13e59-a78c-481b-b000-bf58823ed984" />
      <TestMethod codeBase="C:\Users\Admin\Documents\coding2\SoftMedia\tests\SoftMedia.Tests\bin\Debug\net8.0\SoftMedia.Tests.dll" adapterTypeName="executor://xunit/VsTestRunner2/netcoreapp" className="SoftMedia.Tests.FileNameParserTests" name="ParseTvEpisode_ShouldExtractShowInfo" />
    </UnitTest>
    <UnitTest name="SoftMedia.Tests.FileNameParserTests.ParseTvEpisode_ShouldExtractShowInfo(fileName: &quot;The.Office.US.Season.2.Episode.5.avi&quot;, expectedShow: &quot;The Office US&quot;, expectedSeason: 2, expectedEpisode: 5, expectedTitle: &quot;&quot;)" storage="c:\users\admin\documents\coding2\softmedia\tests\softmedia.tests\bin\debug\net8.0\softmedia.tests.dll" id="5d8bc39c-8724-3fe0-c74e-462e83c102d3">
      <Execution id="0675d472-f26b-48de-8f58-0581a007aeba" />
      <TestMethod codeBase="C:\Users\Admin\Documents\coding2\SoftMedia\tests\SoftMedia.Tests\bin\Debug\net8.0\SoftMedia.Tests.dll" adapterTypeName="executor://xunit/VsTestRunner2/netcoreapp" className="SoftMedia.Tests.FileNameParserTests" name="ParseTvEpisode_ShouldExtractShowInfo" />
    </UnitTest>
    <UnitTest name="SoftMedia.Tests.UnitTest1.Test1" storage="c:\users\admin\documents\coding2\softmedia\tests\softmedia.tests\bin\debug\net8.0\softmedia.tests.dll" id="69f20aab-6a45-73a8-0f28-afdb234df650">
      <Execution id="6bdd6e73-bf15-4b8a-b76d-4758c50bda62" />
      <TestMethod codeBase="C:\Users\Admin\Documents\coding2\SoftMedia\tests\SoftMedia.Tests\bin\Debug\net8.0\SoftMedia.Tests.dll" adapterTypeName="executor://xunit/VsTestRunner2/netcoreapp" className="SoftMedia.Tests.UnitTest1" name="Test1" />
    </UnitTest>
    <UnitTest name="SoftMedia.Tests.FileNameParserTests.ParseMovie_ShouldExtractTitleAndYear(fileName: &quot;Interstellar_2014_IMAX_1080p.mkv&quot;, expectedTitle: &quot;Interstellar&quot;, expectedYear: 2014)" storage="c:\users\admin\documents\coding2\softmedia\tests\softmedia.tests\bin\debug\net8.0\softmedia.tests.dll" id="da01d859-0c52-89d4-5266-94ee489811cd">
      <Execution id="44c611f5-b470-43cd-a00f-5a73a982ce2f" />
      <TestMethod codeBase="C:\Users\Admin\Documents\coding2\SoftMedia\tests\SoftMedia.Tests\bin\Debug\net8.0\SoftMedia.Tests.dll" adapterTypeName="executor://xunit/VsTestRunner2/netcoreapp" className="SoftMedia.Tests.FileNameParserTests" name="ParseMovie_ShouldExtractTitleAndYear" />
    </UnitTest>
    <UnitTest name="SoftMedia.Tests.InteractionLogicTests.RateMedia_UpdatesInternalRating_ViaService" storage="c:\users\admin\documents\coding2\softmedia\tests\softmedia.tests\bin\debug\net8.0\softmedia.tests.dll" id="7276ba79-7c91-e399-cc51-3c6eb31d76d7">
      <Execution id="bd8f21f1-3f22-4f04-9685-4a168089c5a4" />
      <TestMethod codeBase="C:\Users\Admin\Documents\coding2\SoftMedia\tests\SoftMedia.Tests\bin\Debug\net8.0\SoftMedia.Tests.dll" adapterTypeName="executor://xunit/VsTestRunner2/netcoreapp" className="SoftMedia.Tests.InteractionLogicTests" name="RateMedia_UpdatesInternalRating_ViaService" />
    </UnitTest>
    <UnitTest name="SoftMedia.Tests.Services.Transcoding.TranscodeProfileBuilderTests.BuildTranscodeArgumentsAsync_BitmapSubtitle_UsesScale2Ref" storage="c:\users\admin\documents\coding2\softmedia\tests\softmedia.tests\bin\debug\net8.0\softmedia.tests.dll" id="b36a3d75-03e7-ca19-c389-6ed9de9c2251">
      <Execution id="3a16839a-0629-4229-a0b8-4fa84de801c9" />
      <TestMethod codeBase="C:\Users\Admin\Documents\coding2\SoftMedia\tests\SoftMedia.Tests\bin\Debug\net8.0\SoftMedia.Tests.dll" adapterTypeName="executor://xunit/VsTestRunner2/netcoreapp" className="SoftMedia.Tests.Services.Transcoding.TranscodeProfileBuilderTests" name="BuildTranscodeArgumentsAsync_BitmapSubtitle_UsesScale2Ref" />
    </UnitTest>
    <UnitTest name="SoftMedia.Tests.FileNameParserTests.ParseMovie_ShouldExtractTitleAndYear(fileName: &quot;Inception (2010).mp4&quot;, expectedTitle: &quot;Inception&quot;, expectedYear: 2010)" storage="c:\users\admin\documents\coding2\softmedia\tests\softmedia.tests\bin\debug\net8.0\softmedia.tests.dll" id="ccc14fa8-0fca-8f52-4a92-9f55a128a917">
      <Execution id="f8c8cdfc-4450-47d5-80da-c1ddc5a1fa16" />
      <TestMethod codeBase="C:\Users\Admin\Documents\coding2\SoftMedia\tests\SoftMedia.Tests\bin\Debug\net8.0\SoftMedia.Tests.dll" adapterTypeName="executor://xunit/VsTestRunner2/netcoreapp" className="SoftMedia.Tests.FileNameParserTests" name="ParseMovie_ShouldExtractTitleAndYear" />
    </UnitTest>
    <UnitTest name="SoftMedia.Tests.Services.Transcoding.HlsManifestServiceTests.GenerateMasterPlaylistAsync_InjectsSubtitleAttribute_WhenSubtitlesPresent" storage="c:\users\admin\documents\coding2\softmedia\tests\softmedia.tests\bin\debug\net8.0\softmedia.tests.dll" id="9eab209e-8103-8a4a-95ad-e45d17c21c87">
      <Execution id="a75a5727-b400-4c3b-aaf2-d454f67dd923" />
      <TestMethod codeBase="C:\Users\Admin\Documents\coding2\SoftMedia\tests\SoftMedia.Tests\bin\Debug\net8.0\SoftMedia.Tests.dll" adapterTypeName="executor://xunit/VsTestRunner2/netcoreapp" className="SoftMedia.Tests.Services.Transcoding.HlsManifestServiceTests" name="GenerateMasterPlaylistAsync_InjectsSubtitleAttribute_WhenSubtitlesPresent" />
    </UnitTest>
    <UnitTest name="SoftMedia.Tests.FileNameParserTests.ParseMovie_ShouldExtractTitleAndYear(fileName: &quot;1997.Austin.Powers-.International.Man.Of.Mystery.1&quot;···, expectedTitle: &quot;Austin Powers International Man Of Mystery&quot;, expectedYear: 1997)" storage="c:\users\admin\documents\coding2\softmedia\tests\softmedia.tests\bin\debug\net8.0\softmedia.tests.dll" id="38354bf3-e2d4-a191-1dd7-25079ca8c3c6">
      <Execution id="50aae9d7-6a43-4972-aa2f-be4aeeaae946" />
      <TestMethod codeBase="C:\Users\Admin\Documents\coding2\SoftMedia\tests\SoftMedia.Tests\bin\Debug\net8.0\SoftMedia.Tests.dll" adapterTypeName="executor://xunit/VsTestRunner2/netcoreapp" className="SoftMedia.Tests.FileNameParserTests" name="ParseMovie_ShouldExtractTitleAndYear" />
    </UnitTest>
  </TestDefinitions>
  <TestEntries>
    <TestEntry testId="ebde53d0-ba51-9ad2-eb10-daad05a9f502" executionId="51e1da12-67cb-437b-88d3-cdea5004212f" testListId="8c84fa94-04c1-424b-9868-57a2d4851a1d" />
    <TestEntry testId="e8a4e6d8-1f65-6eea-5a06-cc6c0f7d392c" executionId="1c38aded-c682-479c-acd4-15ca087d60ab" testListId="8c84fa94-04c1-424b-9868-57a2d4851a1d" />
    <TestEntry testId="982543b6-65f1-d971-573c-2ec8442a07fc" executionId="df908efc-5d40-46af-a6d1-82c2c751b9b2" testListId="8c84fa94-04c1-424b-9868-57a2d4851a1d" />
    <TestEntry testId="e8aac352-5e23-f38e-552a-af33d739bdd5" executionId="4c36ea9e-9398-4b01-9b10-245bcc2bac85" testListId="8c84fa94-04c1-424b-9868-57a2d4851a1d" />
    <TestEntry testId="43598bcf-527d-0166-83a1-5783395ede94" executionId="a8923b6d-b9dd-4708-9540-5b95332de448" testListId="8c84fa94-04c1-424b-9868-57a2d4851a1d" />
    <TestEntry testId="0f70cde8-d5df-4df1-afc7-c460645a442e" executionId="1e88f0ca-d270-4ea2-9b6d-c5b7ced235b7" testListId="8c84fa94-04c1-424b-9868-57a2d4851a1d" />
    <TestEntry testId="7276ba79-7c91-e399-cc51-3c6eb31d76d7" executionId="bd8f21f1-3f22-4f04-9685-4a168089c5a4" testListId="8c84fa94-04c1-424b-9868-57a2d4851a1d" />
    <TestEntry testId="dad38409-5439-425a-3eff-24b26727865f" executionId="e0d3b69d-1968-483c-b1d9-0e02b9004eec" testListId="8c84fa94-04c1-424b-9868-57a2d4851a1d" />
    <TestEntry testId="d9bb4241-61c1-384b-e3b9-5a259d84d58f" executionId="784703e6-e50e-4012-a2a3-16121d9bfc9f" testListId="8c84fa94-04c1-424b-9868-57a2d4851a1d" />
    <TestEntry testId="4778391f-c610-40ee-adb8-6e8984ccadcc" executionId="8361b239-8008-4f87-a78f-2f16437a5ccc" testListId="8c84fa94-04c1-424b-9868-57a2d4851a1d" />
    <TestEntry testId="69f20aab-6a45-73a8-0f28-afdb234df650" executionId="6bdd6e73-bf15-4b8a-b76d-4758c50bda62" testListId="8c84fa94-04c1-424b-9868-57a2d4851a1d" />
    <TestEntry testId="7d29532d-10eb-af08-4db3-a2179e1e1fb6" executionId="d4d3c6d0-89ff-4f81-b0b7-8b32edfbd8b2" testListId="8c84fa94-04c1-424b-9868-57a2d4851a1d" />
    <TestEntry testId="b36a3d75-03e7-ca19-c389-6ed9de9c2251" executionId="3a16839a-0629-4229-a0b8-4fa84de801c9" testListId="8c84fa94-04c1-424b-9868-57a2d4851a1d" />
    <TestEntry testId="ccc14fa8-0fca-8f52-4a92-9f55a128a917" executionId="f8c8cdfc-4450-47d5-80da-c1ddc5a1fa16" testListId="8c84fa94-04c1-424b-9868-57a2d4851a1d" />
    <TestEntry testId="defbdc72-82f2-3282-3f23-40e1ace8bd47" executionId="98cce762-3b09-4e42-8a15-aae735376eb7" testListId="8c84fa94-04c1-424b-9868-57a2d4851a1d" />
    <TestEntry testId="1f9d9e7a-c298-3285-4989-903992fdae53" executionId="c46ee1ff-81d4-4bed-a6ab-dfe176203f5d" testListId="8c84fa94-04c1-424b-9868-57a2d4851a1d" />
    <TestEntry testId="c6c7e583-0b8c-2b91-6888-310e7bcead66" executionId="6079a7bc-7d01-4909-94c7-83d6a394e89c" testListId="8c84fa94-04c1-424b-9868-57a2d4851a1d" />
    <TestEntry testId="76635c95-3385-9edd-6651-fae81f7149d6" executionId="8cf20b6e-1d12-45a0-9a70-bacbd1fa44c2" testListId="8c84fa94-04c1-424b-9868-57a2d4851a1d" />
    <TestEntry testId="0ce6961e-fbfd-5b6b-29f1-d4c763c09375" executionId="e1f0738f-b09c-49ef-a779-bb11568545a3" testListId="8c84fa94-04c1-424b-9868-57a2d4851a1d" />
    <TestEntry testId="9eab209e-8103-8a4a-95ad-e45d17c21c87" executionId="a75a5727-b400-4c3b-aaf2-d454f67dd923" testListId="8c84fa94-04c1-424b-9868-57a2d4851a1d" />
    <TestEntry testId="da01d859-0c52-89d4-5266-94ee489811cd" executionId="44c611f5-b470-43cd-a00f-5a73a982ce2f" testListId="8c84fa94-04c1-424b-9868-57a2d4851a1d" />
    <TestEntry testId="59f95be0-1296-7421-15a1-f1b0813e8fea" executionId="ff152b24-897e-4c22-9863-8e16bf0f6710" testListId="8c84fa94-04c1-424b-9868-57a2d4851a1d" />
    <TestEntry testId="b79bac93-0d9d-74b7-4799-fdb58c8849ce" executionId="bda13e59-a78c-481b-b000-bf58823ed984" testListId="8c84fa94-04c1-424b-9868-57a2d4851a1d" />
    <TestEntry testId="5d8bc39c-8724-3fe0-c74e-462e83c102d3" executionId="0675d472-f26b-48de-8f58-0581a007aeba" testListId="8c84fa94-04c1-424b-9868-57a2d4851a1d" />
    <TestEntry testId="e0da054c-31cf-6ccf-8509-517546dd0343" executionId="14438a26-055f-49aa-9fb5-abe17b657fe4" testListId="8c84fa94-04c1-424b-9868-57a2d4851a1d" />
    <TestEntry testId="38354bf3-e2d4-a191-1dd7-25079ca8c3c6" executionId="50aae9d7-6a43-4972-aa2f-be4aeeaae946" testListId="8c84fa94-04c1-424b-9868-57a2d4851a1d" />
    <TestEntry testId="c0ae0af8-e6b2-5aac-6f65-b117e64b3ef6" executionId="9a8d9899-fbf6-46a3-b235-16eb7528fb78" testListId="8c84fa94-04c1-424b-9868-57a2d4851a1d" />
    <TestEntry testId="a65dc05c-47ac-ec2b-11e4-84156446ac76" executionId="7fa2453b-7459-4efe-b319-09303a4240c7" testListId="8c84fa94-04c1-424b-9868-57a2d4851a1d" />
  </TestEntries>
  <TestLists>
    <TestList name="Results Not in a List" id="8c84fa94-04c1-424b-9868-57a2d4851a1d" />
    <TestList name="All Loaded Results" id="19431567-8539-422a-85d7-44ee4e166bda" />
  </TestLists>
  <ResultSummary outcome="Completed">
    <Counters total="28" executed="28" passed="28" failed="0" error="0" timeout="0" aborted="0" inconclusive="0" passedButRunAborted="0" notRunnable="0" notExecuted="0" disconnected="0" warning="0" completed="0" inProgress="0" pending="0" />
    <Output>
      <StdOut>[xUnit.net 00:00:00.00] xUnit.net VSTest Adapter v2.8.2+699d445a1a (64-bit .NET 8.0.13)&#xD;
[xUnit.net 00:00:00.05]   Discovering: SoftMedia.Tests&#xD;
[xUnit.net 00:00:00.07]   Discovered:  SoftMedia.Tests&#xD;
[xUnit.net 00:00:00.08]   Starting:    SoftMedia.Tests&#xD;
test&#xD;
[xUnit.net 00:00:03.28]   Finished:    SoftMedia.Tests&#xD;
</StdOut>
    </Output>
  </ResultSummary>
</TestRun>