<?xml version="1.0" encoding="utf-8"?>
<TestRun id="c9080d8a-215a-4d48-b46c-2f2ebdb0a835" name="Admin@GAMING 2026-04-06 20:25:19" runUser="GAMING\Admin" xmlns="http://microsoft.com/schemas/VisualStudio/TeamTest/2010">
  <Times creation="2026-04-06T20:25:19.5242653-06:00" queuing="2026-04-06T20:25:19.5242655-06:00" start="2026-04-06T20:25:19.1281834-06:00" finish="2026-04-06T20:25:22.7205982-06:00" />
  <TestSettings name="default" id="bbf6028b-06c3-4284-b95e-277861be64ac">
    <Deployment runDeploymentRoot="Admin_GAMING_2026-04-06_20_25_19" />
  </TestSettings>
  <Results>
    <UnitTestResult executionId="0478eca2-d0dd-4973-9657-1aa2f3f0f6c6" testId="defbdc72-82f2-3282-3f23-40e1ace8bd47" testName="SoftMedia.Tests.FileNameParserTests.ParseMovie_ShouldExtractTitleAndYear(fileName: &quot;Avatar.2009.Extended.Collector's.Edition.1080p.Blu&quot;···, expectedTitle: &quot;Avatar&quot;, expectedYear: 2009)" computerName="GAMING" duration="00:00:00.0000776" startTime="2026-04-06T20:25:19.5193924-06:00" endTime="2026-04-06T20:25:19.5193925-06:00" testType="13cdc9d9-ddb5-4fa4-a97d-d965ccfc6d4b" outcome="Passed" testListId="8c84fa94-04c1-424b-9868-57a2d4851a1d" relativeResultsDirectory="0478eca2-d0dd-4973-9657-1aa2f3f0f6c6" />
    <UnitTestResult executionId="8c980f0c-167d-46a4-9197-73c64daffdf5" testId="d9bb4241-61c1-384b-e3b9-5a259d84d58f" testName="SoftMedia.Tests.FileNameParserTests.ParseMovie_ShouldExtractTitleAndYear(fileName: &quot;The.Matrix.1999.1080p.mkv&quot;, expectedTitle: &quot;The Matrix&quot;, expectedYear: 1999)" computerName="GAMING" duration="00:00:00.0001101" startTime="2026-04-06T20:25:19.5113522-06:00" endTime="2026-04-06T20:25:19.5113523-06:00" testType="13cdc9d9-ddb5-4fa4-a97d-d965ccfc6d4b" outcome="Passed" testListId="8c84fa94-04c1-424b-9868-57a2d4851a1d" relativeResultsDirectory="8c980f0c-167d-46a4-9197-73c64daffdf5" />
    <UnitTestResult executionId="f35cfe5c-5a51-45c3-8a06-3596390ee8b0" testId="c6c7e583-0b8c-2b91-6888-310e7bcead66" testName="SoftMedia.Tests.FileNameParserTests.ParseTvEpisode_ShouldExtractShowInfo(fileName: &quot;Breaking.Bad.S01E01.mkv&quot;, expectedShow: &quot;Breaking Bad&quot;, expectedSeason: 1, expectedEpisode: 1, expectedTitle: &quot;&quot;)" computerName="GAMING" duration="00:00:00.0002663" startTime="2026-04-06T20:25:19.5007889-06:00" endTime="2026-04-06T20:25:19.5007890-06:00" testType="13cdc9d9-ddb5-4fa4-a97d-d965ccfc6d4b" outcome="Passed" testListId="8c84fa94-04c1-424b-9868-57a2d4851a1d" relativeResultsDirectory="f35cfe5c-5a51-45c3-8a06-3596390ee8b0" />
    <UnitTestResult executionId="c62a1270-4f5c-4c29-9fa2-e766aba72d95" testId="5d8bc39c-8724-3fe0-c74e-462e83c102d3" testName="SoftMedia.Tests.FileNameParserTests.ParseTvEpisode_ShouldExtractShowInfo(fileName: &quot;The.Office.US.Season.2.Episode.5.avi&quot;, expectedShow: &quot;The Office US&quot;, expectedSeason: 2, expectedEpisode: 5, expectedTitle: &quot;&quot;)" computerName="GAMING" duration="00:00:00.0226300" startTime="2026-04-06T20:25:19.5004762-06:00" endTime="2026-04-06T20:25:19.5004763-06:00" testType="13cdc9d9-ddb5-4fa4-a97d-d965ccfc6d4b" outcome="Passed" testListId="8c84fa94-04c1-424b-9868-57a2d4851a1d" relativeResultsDirectory="c62a1270-4f5c-4c29-9fa2-e766aba72d95" />
    <UnitTestResult executionId="ebd5a1f2-4128-4b2a-9eaa-d1d712498cd5" testId="b79bac93-0d9d-74b7-4799-fdb58c8849ce" testName="SoftMedia.Tests.FileNameParserTests.ParseTvEpisode_ShouldExtractShowInfo(fileName: &quot;Game of Thrones - 1x01 - Winter Is Coming.mkv&quot;, expectedShow: &quot;Game of Thrones&quot;, expectedSeason: 1, expectedEpisode: 1, expectedTitle: &quot;Winter Is Coming&quot;)" computerName="GAMING" duration="00:00:00.0002792" startTime="2026-04-06T20:25:19.5087622-06:00" endTime="2026-04-06T20:25:19.5087623-06:00" testType="13cdc9d9-ddb5-4fa4-a97d-d965ccfc6d4b" outcome="Passed" testListId="8c84fa94-04c1-424b-9868-57a2d4851a1d" relativeResultsDirectory="ebd5a1f2-4128-4b2a-9eaa-d1d712498cd5" />
    <UnitTestResult executionId="651d016d-9bb1-4fd2-920d-5c8400b16597" testId="7276ba79-7c91-e399-cc51-3c6eb31d76d7" testName="SoftMedia.Tests.InteractionLogicTests.RateMedia_UpdatesInternalRating_ViaService" computerName="GAMING" duration="00:00:01.0818203" startTime="2026-04-06T20:25:20.5573507-06:00" endTime="2026-04-06T20:25:20.5573510-06:00" testType="13cdc9d9-ddb5-4fa4-a97d-d965ccfc6d4b" outcome="Passed" testListId="8c84fa94-04c1-424b-9868-57a2d4851a1d" relativeResultsDirectory="651d016d-9bb1-4fd2-920d-5c8400b16597" />
    <UnitTestResult executionId="eee2360a-c156-47ce-a17a-80173b72adca" testId="c0ae0af8-e6b2-5aac-6f65-b117e64b3ef6" testName="SoftMedia.Tests.WikidataProviderTests.FetchMetadataAsync_ShouldParseResponseCorrectly" computerName="GAMING" duration="00:00:00.0797845" startTime="2026-04-06T20:25:19.5297930-06:00" endTime="2026-04-06T20:25:19.5297932-06:00" testType="13cdc9d9-ddb5-4fa4-a97d-d965ccfc6d4b" outcome="Passed" testListId="8c84fa94-04c1-424b-9868-57a2d4851a1d" relativeResultsDirectory="eee2360a-c156-47ce-a17a-80173b72adca" />
    <UnitTestResult executionId="eae7dc48-701d-44b3-9e9f-b02e7d938082" testId="9eab209e-8103-8a4a-95ad-e45d17c21c87" testName="SoftMedia.Tests.Services.Transcoding.HlsManifestServiceTests.GenerateMasterPlaylistAsync_InjectsSubtitleAttribute_WhenSubtitlesPresent" computerName="GAMING" duration="00:00:00.0713796" startTime="2026-04-06T20:25:19.5194550-06:00" endTime="2026-04-06T20:25:19.5194550-06:00" testType="13cdc9d9-ddb5-4fa4-a97d-d965ccfc6d4b" outcome="Passed" testListId="8c84fa94-04c1-424b-9868-57a2d4851a1d" relativeResultsDirectory="eae7dc48-701d-44b3-9e9f-b02e7d938082" />
    <UnitTestResult executionId="214e8af1-0ae4-4131-bb9f-a6f133c0fb85" testId="0f70cde8-d5df-4df1-afc7-c460645a442e" testName="SoftMedia.Tests.FileNameParserTests.ParseTvEpisode_ShouldExtractShowInfo(fileName: &quot;My Show S10E01.mkv&quot;, expectedShow: &quot;My Show&quot;, expectedSeason: 10, expectedEpisode: 1, expectedTitle: &quot;&quot;)" computerName="GAMING" duration="00:00:00.0001507" startTime="2026-04-06T20:25:19.5087995-06:00" endTime="2026-04-06T20:25:19.5087996-06:00" testType="13cdc9d9-ddb5-4fa4-a97d-d965ccfc6d4b" outcome="Passed" testListId="8c84fa94-04c1-424b-9868-57a2d4851a1d" relativeResultsDirectory="214e8af1-0ae4-4131-bb9f-a6f133c0fb85" />
    <UnitTestResult executionId="69cef80f-fdc3-45f2-b98b-37f5bd8e126c" testId="e8a4e6d8-1f65-6eea-5a06-cc6c0f7d392c" testName="SoftMedia.Tests.FileNameParserTests.ParseTvEpisode_ShouldExtractShowInfo(fileName: &quot;Show.Name.S10E01.mkv&quot;, expectedShow: &quot;Show Name&quot;, expectedSeason: 10, expectedEpisode: 1, expectedTitle: &quot;&quot;)" computerName="GAMING" duration="00:00:00.0291002" startTime="2026-04-06T20:25:19.4778044-06:00" endTime="2026-04-06T20:25:19.4778045-06:00" testType="13cdc9d9-ddb5-4fa4-a97d-d965ccfc6d4b" outcome="Passed" testListId="8c84fa94-04c1-424b-9868-57a2d4851a1d" relativeResultsDirectory="69cef80f-fdc3-45f2-b98b-37f5bd8e126c" />
    <UnitTestResult executionId="de30555f-8d1c-4327-9582-56256d08235c" testId="a65dc05c-47ac-ec2b-11e4-84156446ac76" testName="SoftMedia.Tests.FileNameParserTests.ParseMovie_ShouldExtractTitleAndYear(fileName: &quot;2002.Austin.Powers-.Goldmember.1920x816.BDRip.x264&quot;···, expectedTitle: &quot;Austin Powers Goldmember&quot;, expectedYear: 2002)" computerName="GAMING" duration="00:00:00.0000888" startTime="2026-04-06T20:25:19.5184245-06:00" endTime="2026-04-06T20:25:19.5184246-06:00" testType="13cdc9d9-ddb5-4fa4-a97d-d965ccfc6d4b" outcome="Passed" testListId="8c84fa94-04c1-424b-9868-57a2d4851a1d" relativeResultsDirectory="de30555f-8d1c-4327-9582-56256d08235c" />
    <UnitTestResult executionId="ec0d0f65-3260-485b-9f92-8360de94b005" testId="69f20aab-6a45-73a8-0f28-afdb234df650" testName="SoftMedia.Tests.UnitTest1.Test1" computerName="GAMING" duration="00:00:00.0027347" startTime="2026-04-06T20:25:19.4574731-06:00" endTime="2026-04-06T20:25:19.4574862-06:00" testType="13cdc9d9-ddb5-4fa4-a97d-d965ccfc6d4b" outcome="Passed" testListId="8c84fa94-04c1-424b-9868-57a2d4851a1d" relativeResultsDirectory="ec0d0f65-3260-485b-9f92-8360de94b005" />
    <UnitTestResult executionId="d83edc11-0e11-4c16-be4e-9dafa42a22ea" testId="0ce6961e-fbfd-5b6b-29f1-d4c763c09375" testName="SoftMedia.Tests.WikidataProviderTests.FetchMetadataAsync_ShouldReturnMetadata_WhenTitleExists" computerName="GAMING" duration="00:00:00.1982186" startTime="2026-04-06T20:25:19.7291942-06:00" endTime="2026-04-06T20:25:19.7291944-06:00" testType="13cdc9d9-ddb5-4fa4-a97d-d965ccfc6d4b" outcome="Passed" testListId="8c84fa94-04c1-424b-9868-57a2d4851a1d" relativeResultsDirectory="d83edc11-0e11-4c16-be4e-9dafa42a22ea" />
    <UnitTestResult executionId="f4f05975-aa24-4854-b607-210c4101a938" testId="e0da054c-31cf-6ccf-8509-517546dd0343" testName="SoftMedia.Tests.FileNameParserTests.ParseTvEpisode_ShouldExtractShowInfo(fileName: &quot;S10E01.mkv&quot;, expectedShow: &quot;&quot;, expectedSeason: 10, expectedEpisode: 1, expectedTitle: &quot;&quot;)" computerName="GAMING" duration="00:00:00.0000158" startTime="2026-04-06T20:25:19.5008823-06:00" endTime="2026-04-06T20:25:19.5008823-06:00" testType="13cdc9d9-ddb5-4fa4-a97d-d965ccfc6d4b" outcome="Passed" testListId="8c84fa94-04c1-424b-9868-57a2d4851a1d" relativeResultsDirectory="f4f05975-aa24-4854-b607-210c4101a938" />
    <UnitTestResult executionId="75f2402d-1f0d-42f4-8213-6de2d45f0897" testId="7d29532d-10eb-af08-4db3-a2179e1e1fb6" testName="SoftMedia.Tests.Services.Transcoding.TranscodeServiceTests.StartTranscodeAsync_DifferentResolution_RestartsSession" computerName="GAMING" duration="00:00:03.2352973" startTime="2026-04-06T20:25:22.6819474-06:00" endTime="2026-04-06T20:25:22.6819476-06:00" testType="13cdc9d9-ddb5-4fa4-a97d-d965ccfc6d4b" outcome="Passed" testListId="8c84fa94-04c1-424b-9868-57a2d4851a1d" relativeResultsDirectory="75f2402d-1f0d-42f4-8213-6de2d45f0897" />
    <UnitTestResult executionId="a9102ddc-b422-4f54-b3ad-2228e887b218" testId="76635c95-3385-9edd-6651-fae81f7149d6" testName="SoftMedia.Tests.MetadataResultTests.MetadataResult_ShouldSupportJsonExtensionData_ForBackwardCompatibility" computerName="GAMING" duration="00:00:00.0364146" startTime="2026-04-06T20:25:19.4856320-06:00" endTime="2026-04-06T20:25:19.4856322-06:00" testType="13cdc9d9-ddb5-4fa4-a97d-d965ccfc6d4b" outcome="Passed" testListId="8c84fa94-04c1-424b-9868-57a2d4851a1d" relativeResultsDirectory="a9102ddc-b422-4f54-b3ad-2228e887b218" />
    <UnitTestResult executionId="007e8753-2c04-4cd4-b803-19fef128b883" testId="da01d859-0c52-89d4-5266-94ee489811cd" testName="SoftMedia.Tests.FileNameParserTests.ParseMovie_ShouldExtractTitleAndYear(fileName: &quot;Interstellar_2014_IMAX_1080p.mkv&quot;, expectedTitle: &quot;Interstellar&quot;, expectedYear: 2014)" computerName="GAMING" duration="00:00:00.0000707" startTime="2026-04-06T20:25:19.5194269-06:00" endTime="2026-04-06T20:25:19.5194270-06:00" testType="13cdc9d9-ddb5-4fa4-a97d-d965ccfc6d4b" outcome="Passed" testListId="8c84fa94-04c1-424b-9868-57a2d4851a1d" relativeResultsDirectory="007e8753-2c04-4cd4-b803-19fef128b883" />
    <UnitTestResult executionId="b8e1098d-ae7b-4b98-b9d3-5e67bdaab688" testId="ebde53d0-ba51-9ad2-eb10-daad05a9f502" testName="SoftMedia.Tests.FileNameParserTests.ParseMovie_ShouldExtractTitleAndYear(fileName: &quot;Unknown Movie.mkv&quot;, expectedTitle: &quot;Unknown Movie&quot;, expectedYear: null)" computerName="GAMING" duration="00:00:00.0051664" startTime="2026-04-06T20:25:19.5183605-06:00" endTime="2026-04-06T20:25:19.5183606-06:00" testType="13cdc9d9-ddb5-4fa4-a97d-d965ccfc6d4b" outcome="Passed" testListId="8c84fa94-04c1-424b-9868-57a2d4851a1d" relativeResultsDirectory="b8e1098d-ae7b-4b98-b9d3-5e67bdaab688" />
    <UnitTestResult executionId="13363fd0-ee26-459a-89af-e53a1a1f6414" testId="1f9d9e7a-c298-3285-4989-903992fdae53" testName="SoftMedia.Tests.Services.Transcoding.TranscodeHdrSubtitleTests.BuildTranscodeArgumentsAsync_HdrWithSubtitles_Nvidia_CurrentlyBypassesToneMapping" computerName="GAMING" duration="00:00:00.0914828" startTime="2026-04-06T20:25:19.5381107-06:00" endTime="2026-04-06T20:25:19.5381108-06:00" testType="13cdc9d9-ddb5-4fa4-a97d-d965ccfc6d4b" outcome="Passed" testListId="8c84fa94-04c1-424b-9868-57a2d4851a1d" relativeResultsDirectory="13363fd0-ee26-459a-89af-e53a1a1f6414" />
    <UnitTestResult executionId="e572dbff-a587-4cac-b2c4-75cbcfe6b491" testId="4778391f-c610-40ee-adb8-6e8984ccadcc" testName="SoftMedia.Tests.MetadataResultTests.MetadataResult_ShouldSerializeAndDeserializeCorrectly_PreservingCamelCase" computerName="GAMING" duration="00:00:00.0150601" startTime="2026-04-06T20:25:19.5007328-06:00" endTime="2026-04-06T20:25:19.5007329-06:00" testType="13cdc9d9-ddb5-4fa4-a97d-d965ccfc6d4b" outcome="Passed" testListId="8c84fa94-04c1-424b-9868-57a2d4851a1d" relativeResultsDirectory="e572dbff-a587-4cac-b2c4-75cbcfe6b491" />
    <UnitTestResult executionId="9ba99ce1-3ad9-490f-bbb4-2fb1fb493512" testId="982543b6-65f1-d971-573c-2ec8442a07fc" testName="SoftMedia.Tests.Services.Transcoding.TranscodeBurnSubtitlesTests.BuildTranscodeArgumentsAsync_ForceBurnIn_OverridesTextSubtitles" computerName="GAMING" duration="00:00:00.0910744" startTime="2026-04-06T20:25:19.5375233-06:00" endTime="2026-04-06T20:25:19.5375233-06:00" testType="13cdc9d9-ddb5-4fa4-a97d-d965ccfc6d4b" outcome="Passed" testListId="8c84fa94-04c1-424b-9868-57a2d4851a1d" relativeResultsDirectory="9ba99ce1-3ad9-490f-bbb4-2fb1fb493512" />
    <UnitTestResult executionId="830e8253-b39e-4730-b80a-57924c6dc026" testId="b36a3d75-03e7-ca19-c389-6ed9de9c2251" testName="SoftMedia.Tests.Services.Transcoding.TranscodeProfileBuilderTests.BuildTranscodeArgumentsAsync_BitmapSubtitle_UsesScale2Ref" computerName="GAMING" duration="00:00:00.0910689" startTime="2026-04-06T20:25:19.5375090-06:00" endTime="2026-04-06T20:25:19.5375091-06:00" testType="13cdc9d9-ddb5-4fa4-a97d-d965ccfc6d4b" outcome="Passed" testListId="8c84fa94-04c1-424b-9868-57a2d4851a1d" relativeResultsDirectory="830e8253-b39e-4730-b80a-57924c6dc026" />
    <UnitTestResult executionId="1e36b264-7ae8-484d-8384-607a92d2bbdb" testId="43598bcf-527d-0166-83a1-5783395ede94" testName="SoftMedia.Tests.FileNameParserTests.ParseMovie_ShouldExtractTitleAndYear(fileName: &quot;1999.Austin.Powers-.The.Spy.Who.Shagged.Me.mkv&quot;, expectedTitle: &quot;Austin Powers The Spy Who Shagged Me&quot;, expectedYear: 1999)" computerName="GAMING" duration="00:00:00.0085157" startTime="2026-04-06T20:25:19.5101489-06:00" endTime="2026-04-06T20:25:19.5101490-06:00" testType="13cdc9d9-ddb5-4fa4-a97d-d965ccfc6d4b" outcome="Passed" testListId="8c84fa94-04c1-424b-9868-57a2d4851a1d" relativeResultsDirectory="1e36b264-7ae8-484d-8384-607a92d2bbdb" />
    <UnitTestResult executionId="95559d21-4abf-405b-b2dd-5844c92b7243" testId="38354bf3-e2d4-a191-1dd7-25079ca8c3c6" testName="SoftMedia.Tests.FileNameParserTests.ParseMovie_ShouldExtractTitleAndYear(fileName: &quot;1997.Austin.Powers-.International.Man.Of.Mystery.1&quot;···, expectedTitle: &quot;Austin Powers International Man Of Mystery&quot;, expectedYear: 1997)" computerName="GAMING" duration="00:00:00.0010201" startTime="2026-04-06T20:25:19.5112689-06:00" endTime="2026-04-06T20:25:19.5112690-06:00" testType="13cdc9d9-ddb5-4fa4-a97d-d965ccfc6d4b" outcome="Passed" testListId="8c84fa94-04c1-424b-9868-57a2d4851a1d" relativeResultsDirectory="95559d21-4abf-405b-b2dd-5844c92b7243" />
    <UnitTestResult executionId="17ae352a-c5b8-467e-8972-010f3a20212b" testId="dad38409-5439-425a-3eff-24b26727865f" testName="SoftMedia.Tests.InteractionLogicTests.MediaItemDto_SeparatesInternalAndExternalRatings" computerName="GAMING" duration="00:00:00.0290000" startTime="2026-04-06T20:25:19.4760364-06:00" endTime="2026-04-06T20:25:19.4760366-06:00" testType="13cdc9d9-ddb5-4fa4-a97d-d965ccfc6d4b" outcome="Passed" testListId="8c84fa94-04c1-424b-9868-57a2d4851a1d" relativeResultsDirectory="17ae352a-c5b8-467e-8972-010f3a20212b" />
    <UnitTestResult executionId="5212e551-5cb4-4c8c-9340-11f5705e1b9d" testId="59f95be0-1296-7421-15a1-f1b0813e8fea" testName="SoftMedia.Tests.InteractionLogicTests.MediaItemDto_IncludesUserInteraction" computerName="GAMING" duration="00:00:00.0686036" startTime="2026-04-06T20:25:20.6260179-06:00" endTime="2026-04-06T20:25:20.6260180-06:00" testType="13cdc9d9-ddb5-4fa4-a97d-d965ccfc6d4b" outcome="Passed" testListId="8c84fa94-04c1-424b-9868-57a2d4851a1d" relativeResultsDirectory="5212e551-5cb4-4c8c-9340-11f5705e1b9d" />
    <UnitTestResult executionId="885ab59e-ea16-4780-8cbe-8f623afda64b" testId="e8aac352-5e23-f38e-552a-af33d739bdd5" testName="SoftMedia.Tests.FileNameParserTests.ParseTvEpisode_ShouldExtractShowInfo(fileName: &quot;Friends S10E17.mp4&quot;, expectedShow: &quot;Friends&quot;, expectedSeason: 10, expectedEpisode: 17, expectedTitle: &quot;&quot;)" computerName="GAMING" duration="00:00:00.0001724" startTime="2026-04-06T20:25:19.5088271-06:00" endTime="2026-04-06T20:25:19.5088271-06:00" testType="13cdc9d9-ddb5-4fa4-a97d-d965ccfc6d4b" outcome="Passed" testListId="8c84fa94-04c1-424b-9868-57a2d4851a1d" relativeResultsDirectory="885ab59e-ea16-4780-8cbe-8f623afda64b" />
    <UnitTestResult executionId="ec980130-5a43-4941-b188-54672cc3f41b" testId="ccc14fa8-0fca-8f52-4a92-9f55a128a917" testName="SoftMedia.Tests.FileNameParserTests.ParseMovie_ShouldExtractTitleAndYear(fileName: &quot;Inception (2010).mp4&quot;, expectedTitle: &quot;Inception&quot;, expectedYear: 2010)" computerName="GAMING" duration="00:00:00.0000950" startTime="2026-04-06T20:25:19.5183960-06:00" endTime="2026-04-06T20:25:19.5183961-06:00" testType="13cdc9d9-ddb5-4fa4-a97d-d965ccfc6d4b" outcome="Passed" testListId="8c84fa94-04c1-424b-9868-57a2d4851a1d" relativeResultsDirectory="ec980130-5a43-4941-b188-54672cc3f41b" />
  </Results>
  <TestDefinitions>
    <UnitTest name="SoftMedia.Tests.FileNameParserTests.ParseMovie_ShouldExtractTitleAndYear(fileName: &quot;Inception (2010).mp4&quot;, expectedTitle: &quot;Inception&quot;, expectedYear: 2010)" storage="c:\users\admin\documents\coding2\softmedia\tests\softmedia.tests\bin\debug\net8.0\softmedia.tests.dll" id="ccc14fa8-0fca-8f52-4a92-9f55a128a917">
      <Execution id="ec980130-5a43-4941-b188-54672cc3f41b" />
      <TestMethod codeBase="C:\Users\Admin\Documents\coding2\SoftMedia\tests\SoftMedia.Tests\bin\Debug\net8.0\SoftMedia.Tests.dll" adapterTypeName="executor://xunit/VsTestRunner2/netcoreapp" className="SoftMedia.Tests.FileNameParserTests" name="ParseMovie_ShouldExtractTitleAndYear" />
    </UnitTest>
    <UnitTest name="SoftMedia.Tests.Services.Transcoding.TranscodeServiceTests.StartTranscodeAsync_DifferentResolution_RestartsSession" storage="c:\users\admin\documents\coding2\softmedia\tests\softmedia.tests\bin\debug\net8.0\softmedia.tests.dll" id="7d29532d-10eb-af08-4db3-a2179e1e1fb6">
      <Execution id="75f2402d-1f0d-42f4-8213-6de2d45f0897" />
      <TestMethod codeBase="C:\Users\Admin\Documents\coding2\SoftMedia\tests\SoftMedia.Tests\bin\Debug\net8.0\SoftMedia.Tests.dll" adapterTypeName="executor://xunit/VsTestRunner2/netcoreapp" className="SoftMedia.Tests.Services.Transcoding.TranscodeServiceTests" name="StartTranscodeAsync_DifferentResolution_RestartsSession" />
    </UnitTest>
    <UnitTest name="SoftMedia.Tests.FileNameParserTests.ParseMovie_ShouldExtractTitleAndYear(fileName: &quot;1997.Austin.Powers-.International.Man.Of.Mystery.1&quot;···, expectedTitle: &quot;Austin Powers International Man Of Mystery&quot;, expectedYear: 1997)" storage="c:\users\admin\documents\coding2\softmedia\tests\softmedia.tests\bin\debug\net8.0\softmedia.tests.dll" id="38354bf3-e2d4-a191-1dd7-25079ca8c3c6">
      <Execution id="95559d21-4abf-405b-b2dd-5844c92b7243" />
      <TestMethod codeBase="C:\Users\Admin\Documents\coding2\SoftMedia\tests\SoftMedia.Tests\bin\Debug\net8.0\SoftMedia.Tests.dll" adapterTypeName="executor://xunit/VsTestRunner2/netcoreapp" className="SoftMedia.Tests.FileNameParserTests" name="ParseMovie_ShouldExtractTitleAndYear" />
    </UnitTest>
    <UnitTest name="SoftMedia.Tests.InteractionLogicTests.MediaItemDto_IncludesUserInteraction" storage="c:\users\admin\documents\coding2\softmedia\tests\softmedia.tests\bin\debug\net8.0\softmedia.tests.dll" id="59f95be0-1296-7421-15a1-f1b0813e8fea">
      <Execution id="5212e551-5cb4-4c8c-9340-11f5705e1b9d" />
      <TestMethod codeBase="C:\Users\Admin\Documents\coding2\SoftMedia\tests\SoftMedia.Tests\bin\Debug\net8.0\SoftMedia.Tests.dll" adapterTypeName="executor://xunit/VsTestRunner2/netcoreapp" className="SoftMedia.Tests.InteractionLogicTests" name="MediaItemDto_IncludesUserInteraction" />
    </UnitTest>
    <UnitTest name="SoftMedia.Tests.Services.Transcoding.HlsManifestServiceTests.GenerateMasterPlaylistAsync_InjectsSubtitleAttribute_WhenSubtitlesPresent" storage="c:\users\admin\documents\coding2\softmedia\tests\softmedia.tests\bin\debug\net8.0\softmedia.tests.dll" id="9eab209e-8103-8a4a-95ad-e45d17c21c87">
      <Execution id="eae7dc48-701d-44b3-9e9f-b02e7d938082" />
      <TestMethod codeBase="C:\Users\Admin\Documents\coding2\SoftMedia\tests\SoftMedia.Tests\bin\Debug\net8.0\SoftMedia.Tests.dll" adapterTypeName="executor://xunit/VsTestRunner2/netcoreapp" className="SoftMedia.Tests.Services.Transcoding.HlsManifestServiceTests" name="GenerateMasterPlaylistAsync_InjectsSubtitleAttribute_WhenSubtitlesPresent" />
    </UnitTest>
    <UnitTest name="SoftMedia.Tests.UnitTest1.Test1" storage="c:\users\admin\documents\coding2\softmedia\tests\softmedia.tests\bin\debug\net8.0\softmedia.tests.dll" id="69f20aab-6a45-73a8-0f28-afdb234df650">
      <Execution id="ec0d0f65-3260-485b-9f92-8360de94b005" />
      <TestMethod codeBase="C:\Users\Admin\Documents\coding2\SoftMedia\tests\SoftMedia.Tests\bin\Debug\net8.0\SoftMedia.Tests.dll" adapterTypeName="executor://xunit/VsTestRunner2/netcoreapp" className="SoftMedia.Tests.UnitTest1" name="Test1" />
    </UnitTest>
    <UnitTest name="SoftMedia.Tests.FileNameParserTests.ParseTvEpisode_ShouldExtractShowInfo(fileName: &quot;Breaking.Bad.S01E01.mkv&quot;, expectedShow: &quot;Breaking Bad&quot;, expectedSeason: 1, expectedEpisode: 1, expectedTitle: &quot;&quot;)" storage="c:\users\admin\documents\coding2\softmedia\tests\softmedia.tests\bin\debug\net8.0\softmedia.tests.dll" id="c6c7e583-0b8c-2b91-6888-310e7bcead66">
      <Execution id="f35cfe5c-5a51-45c3-8a06-3596390ee8b0" />
      <TestMethod codeBase="C:\Users\Admin\Documents\coding2\SoftMedia\tests\SoftMedia.Tests\bin\Debug\net8.0\SoftMedia.Tests.dll" adapterTypeName="executor://xunit/VsTestRunner2/netcoreapp" className="SoftMedia.Tests.FileNameParserTests" name="ParseTvEpisode_ShouldExtractShowInfo" />
    </UnitTest>
    <UnitTest name="SoftMedia.Tests.FileNameParserTests.ParseMovie_ShouldExtractTitleAndYear(fileName: &quot;The.Matrix.1999.1080p.mkv&quot;, expectedTitle: &quot;The Matrix&quot;, expectedYear: 1999)" storage="c:\users\admin\documents\coding2\softmedia\tests\softmedia.tests\bin\debug\net8.0\softmedia.tests.dll" id="d9bb4241-61c1-384b-e3b9-5a259d84d58f">
      <Execution id="8c980f0c-167d-46a4-9197-73c64daffdf5" />
      <TestMethod codeBase="C:\Users\Admin\Documents\coding2\SoftMedia\tests\SoftMedia.Tests\bin\Debug\net8.0\SoftMedia.Tests.dll" adapterTypeName="executor://xunit/VsTestRunner2/netcoreapp" className="SoftMedia.Tests.FileNameParserTests" name="ParseMovie_ShouldExtractTitleAndYear" />
    </UnitTest>
    <UnitTest name="SoftMedia.Tests.Services.Transcoding.TranscodeBurnSubtitlesTests.BuildTranscodeArgumentsAsync_ForceBurnIn_OverridesTextSubtitles" storage="c:\users\admin\documents\coding2\softmedia\tests\softmedia.tests\bin\debug\net8.0\softmedia.tests.dll" id="982543b6-65f1-d971-573c-2ec8442a07fc">
      <Execution id="9ba99ce1-3ad9-490f-bbb4-2fb1fb493512" />
      <TestMethod codeBase="C:\Users\Admin\Documents\coding2\SoftMedia\tests\SoftMedia.Tests\bin\Debug\net8.0\SoftMedia.Tests.dll" adapterTypeName="executor://xunit/VsTestRunner2/netcoreapp" className="SoftMedia.Tests.Services.Transcoding.TranscodeBurnSubtitlesTests" name="BuildTranscodeArgumentsAsync_ForceBurnIn_OverridesTextSubtitles" />
    </UnitTest>
    <UnitTest name="SoftMedia.Tests.FileNameParserTests.ParseTvEpisode_ShouldExtractShowInfo(fileName: &quot;My Show S10E01.mkv&quot;, expectedShow: &quot;My Show&quot;, expectedSeason: 10, expectedEpisode: 1, expectedTitle: &quot;&quot;)" storage="c:\users\admin\documents\coding2\softmedia\tests\softmedia.tests\bin\debug\net8.0\softmedia.tests.dll" id="0f70cde8-d5df-4df1-afc7-c460645a442e">
      <Execution id="214e8af1-0ae4-4131-bb9f-a6f133c0fb85" />
      <TestMethod codeBase="C:\Users\Admin\Documents\coding2\SoftMedia\tests\SoftMedia.Tests\bin\Debug\net8.0\SoftMedia.Tests.dll" adapterTypeName="executor://xunit/VsTestRunner2/netcoreapp" className="SoftMedia.Tests.FileNameParserTests" name="ParseTvEpisode_ShouldExtractShowInfo" />
    </UnitTest>
    <UnitTest name="SoftMedia.Tests.FileNameParserTests.ParseTvEpisode_ShouldExtractShowInfo(fileName: &quot;Game of Thrones - 1x01 - Winter Is Coming.mkv&quot;, expectedShow: &quot;Game of Thrones&quot;, expectedSeason: 1, expectedEpisode: 1, expectedTitle: &quot;Winter Is Coming&quot;)" storage="c:\users\admin\documents\coding2\softmedia\tests\softmedia.tests\bin\debug\net8.0\softmedia.tests.dll" id="b79bac93-0d9d-74b7-4799-fdb58c8849ce">
      <Execution id="ebd5a1f2-4128-4b2a-9eaa-d1d712498cd5" />
      <TestMethod codeBase="C:\Users\Admin\Documents\coding2\SoftMedia\tests\SoftMedia.Tests\bin\Debug\net8.0\SoftMedia.Tests.dll" adapterTypeName="executor://xunit/VsTestRunner2/netcoreapp" className="SoftMedia.Tests.FileNameParserTests" name="ParseTvEpisode_ShouldExtractShowInfo" />
    </UnitTest>
    <UnitTest name="SoftMedia.Tests.WikidataProviderTests.FetchMetadataAsync_ShouldParseResponseCorrectly" storage="c:\users\admin\documents\coding2\softmedia\tests\softmedia.tests\bin\debug\net8.0\softmedia.tests.dll" id="c0ae0af8-e6b2-5aac-6f65-b117e64b3ef6">
      <Execution id="eee2360a-c156-47ce-a17a-80173b72adca" />
      <TestMethod codeBase="C:\Users\Admin\Documents\coding2\SoftMedia\tests\SoftMedia.Tests\bin\Debug\net8.0\SoftMedia.Tests.dll" adapterTypeName="executor://xunit/VsTestRunner2/netcoreapp" className="SoftMedia.Tests.WikidataProviderTests" name="FetchMetadataAsync_ShouldParseResponseCorrectly" />
    </UnitTest>
    <UnitTest name="SoftMedia.Tests.WikidataProviderTests.FetchMetadataAsync_ShouldReturnMetadata_WhenTitleExists" storage="c:\users\admin\documents\coding2\softmedia\tests\softmedia.tests\bin\debug\net8.0\softmedia.tests.dll" id="0ce6961e-fbfd-5b6b-29f1-d4c763c09375">
      <Execution id="d83edc11-0e11-4c16-be4e-9dafa42a22ea" />
      <TestMethod codeBase="C:\Users\Admin\Documents\coding2\SoftMedia\tests\SoftMedia.Tests\bin\Debug\net8.0\SoftMedia.Tests.dll" adapterTypeName="executor://xunit/VsTestRunner2/netcoreapp" className="SoftMedia.Tests.WikidataProviderTests" name="FetchMetadataAsync_ShouldReturnMetadata_WhenTitleExists" />
    </UnitTest>
    <UnitTest name="SoftMedia.Tests.Services.Transcoding.TranscodeHdrSubtitleTests.BuildTranscodeArgumentsAsync_HdrWithSubtitles_Nvidia_CurrentlyBypassesToneMapping" storage="c:\users\admin\documents\coding2\softmedia\tests\softmedia.tests\bin\debug\net8.0\softmedia.tests.dll" id="1f9d9e7a-c298-3285-4989-903992fdae53">
      <Execution id="13363fd0-ee26-459a-89af-e53a1a1f6414" />
      <TestMethod codeBase="C:\Users\Admin\Documents\coding2\SoftMedia\tests\SoftMedia.Tests\bin\Debug\net8.0\SoftMedia.Tests.dll" adapterTypeName="executor://xunit/VsTestRunner2/netcoreapp" className="SoftMedia.Tests.Services.Transcoding.TranscodeHdrSubtitleTests" name="BuildTranscodeArgumentsAsync_HdrWithSubtitles_Nvidia_CurrentlyBypassesToneMapping" />
    </UnitTest>
    <UnitTest name="SoftMedia.Tests.FileNameParserTests.ParseMovie_ShouldExtractTitleAndYear(fileName: &quot;2002.Austin.Powers-.Goldmember.1920x816.BDRip.x264&quot;···, expectedTitle: &quot;Austin Powers Goldmember&quot;, expectedYear: 2002)" storage="c:\users\admin\documents\coding2\softmedia\tests\softmedia.tests\bin\debug\net8.0\softmedia.tests.dll" id="a65dc05c-47ac-ec2b-11e4-84156446ac76">
      <Execution id="de30555f-8d1c-4327-9582-56256d08235c" />
      <TestMethod codeBase="C:\Users\Admin\Documents\coding2\SoftMedia\tests\SoftMedia.Tests\bin\Debug\net8.0\SoftMedia.Tests.dll" adapterTypeName="executor://xunit/VsTestRunner2/netcoreapp" className="SoftMedia.Tests.FileNameParserTests" name="ParseMovie_ShouldExtractTitleAndYear" />
    </UnitTest>
    <UnitTest name="SoftMedia.Tests.FileNameParserTests.ParseMovie_ShouldExtractTitleAndYear(fileName: &quot;Avatar.2009.Extended.Collector's.Edition.1080p.Blu&quot;···, expectedTitle: &quot;Avatar&quot;, expectedYear: 2009)" storage="c:\users\admin\documents\coding2\softmedia\tests\softmedia.tests\bin\debug\net8.0\softmedia.tests.dll" id="defbdc72-82f2-3282-3f23-40e1ace8bd47">
      <Execution id="0478eca2-d0dd-4973-9657-1aa2f3f0f6c6" />
      <TestMethod codeBase="C:\Users\Admin\Documents\coding2\SoftMedia\tests\SoftMedia.Tests\bin\Debug\net8.0\SoftMedia.Tests.dll" adapterTypeName="executor://xunit/VsTestRunner2/netcoreapp" className="SoftMedia.Tests.FileNameParserTests" name="ParseMovie_ShouldExtractTitleAndYear" />
    </UnitTest>
    <UnitTest name="SoftMedia.Tests.FileNameParserTests.ParseMovie_ShouldExtractTitleAndYear(fileName: &quot;1999.Austin.Powers-.The.Spy.Who.Shagged.Me.mkv&quot;, expectedTitle: &quot;Austin Powers The Spy Who Shagged Me&quot;, expectedYear: 1999)" storage="c:\users\admin\documents\coding2\softmedia\tests\softmedia.tests\bin\debug\net8.0\softmedia.tests.dll" id="43598bcf-527d-0166-83a1-5783395ede94">
      <Execution id="1e36b264-7ae8-484d-8384-607a92d2bbdb" />
      <TestMethod codeBase="C:\Users\Admin\Documents\coding2\SoftMedia\tests\SoftMedia.Tests\bin\Debug\net8.0\SoftMedia.Tests.dll" adapterTypeName="executor://xunit/VsTestRunner2/netcoreapp" className="SoftMedia.Tests.FileNameParserTests" name="ParseMovie_ShouldExtractTitleAndYear" />
    </UnitTest>
    <UnitTest name="SoftMedia.Tests.FileNameParserTests.ParseTvEpisode_ShouldExtractShowInfo(fileName: &quot;Show.Name.S10E01.mkv&quot;, expectedShow: &quot;Show Name&quot;, expectedSeason: 10, expectedEpisode: 1, expectedTitle: &quot;&quot;)" storage="c:\users\admin\documents\coding2\softmedia\tests\softmedia.tests\bin\debug\net8.0\softmedia.tests.dll" id="e8a4e6d8-1f65-6eea-5a06-cc6c0f7d392c">
      <Execution id="69cef80f-fdc3-45f2-b98b-37f5bd8e126c" />
      <TestMethod codeBase="C:\Users\Admin\Documents\coding2\SoftMedia\tests\SoftMedia.Tests\bin\Debug\net8.0\SoftMedia.Tests.dll" adapterTypeName="executor://xunit/VsTestRunner2/netcoreapp" className="SoftMedia.Tests.FileNameParserTests" name="ParseTvEpisode_ShouldExtractShowInfo" />
    </UnitTest>
    <UnitTest name="SoftMedia.Tests.MetadataResultTests.MetadataResult_ShouldSupportJsonExtensionData_ForBackwardCompatibility" storage="c:\users\admin\documents\coding2\softmedia\tests\softmedia.tests\bin\debug\net8.0\softmedia.tests.dll" id="76635c95-3385-9edd-6651-fae81f7149d6">
      <Execution id="a9102ddc-b422-4f54-b3ad-2228e887b218" />
      <TestMethod codeBase="C:\Users\Admin\Documents\coding2\SoftMedia\tests\SoftMedia.Tests\bin\Debug\net8.0\SoftMedia.Tests.dll" adapterTypeName="executor://xunit/VsTestRunner2/netcoreapp" className="SoftMedia.Tests.MetadataResultTests" name="MetadataResult_ShouldSupportJsonExtensionData_ForBackwardCompatibility" />
    </UnitTest>
    <UnitTest name="SoftMedia.Tests.InteractionLogicTests.RateMedia_UpdatesInternalRating_ViaService" storage="c:\users\admin\documents\coding2\softmedia\tests\softmedia.tests\bin\debug\net8.0\softmedia.tests.dll" id="7276ba79-7c91-e399-cc51-3c6eb31d76d7">
      <Execution id="651d016d-9bb1-4fd2-920d-5c8400b16597" />
      <TestMethod codeBase="C:\Users\Admin\Documents\coding2\SoftMedia\tests\SoftMedia.Tests\bin\Debug\net8.0\SoftMedia.Tests.dll" adapterTypeName="executor://xunit/VsTestRunner2/netcoreapp" className="SoftMedia.Tests.InteractionLogicTests" name="RateMedia_UpdatesInternalRating_ViaService" />
    </UnitTest>
    <UnitTest name="SoftMedia.Tests.Services.Transcoding.TranscodeProfileBuilderTests.BuildTranscodeArgumentsAsync_BitmapSubtitle_UsesScale2Ref" storage="c:\users\admin\documents\coding2\softmedia\tests\softmedia.tests\bin\debug\net8.0\softmedia.tests.dll" id="b36a3d75-03e7-ca19-c389-6ed9de9c2251">
      <Execution id="830e8253-b39e-4730-b80a-57924c6dc026" />
      <TestMethod codeBase="C:\Users\Admin\Documents\coding2\SoftMedia\tests\SoftMedia.Tests\bin\Debug\net8.0\SoftMedia.Tests.dll" adapterTypeName="executor://xunit/VsTestRunner2/netcoreapp" className="SoftMedia.Tests.Services.Transcoding.TranscodeProfileBuilderTests" name="BuildTranscodeArgumentsAsync_BitmapSubtitle_UsesScale2Ref" />
    </UnitTest>
    <UnitTest name="SoftMedia.Tests.MetadataResultTests.MetadataResult_ShouldSerializeAndDeserializeCorrectly_PreservingCamelCase" storage="c:\users\admin\documents\coding2\softmedia\tests\softmedia.tests\bin\debug\net8.0\softmedia.tests.dll" id="4778391f-c610-40ee-adb8-6e8984ccadcc">
      <Execution id="e572dbff-a587-4cac-b2c4-75cbcfe6b491" />
      <TestMethod codeBase="C:\Users\Admin\Documents\coding2\SoftMedia\tests\SoftMedia.Tests\bin\Debug\net8.0\SoftMedia.Tests.dll" adapterTypeName="executor://xunit/VsTestRunner2/netcoreapp" className="SoftMedia.Tests.MetadataResultTests" name="MetadataResult_ShouldSerializeAndDeserializeCorrectly_PreservingCamelCase" />
    </UnitTest>
    <UnitTest name="SoftMedia.Tests.FileNameParserTests.ParseTvEpisode_ShouldExtractShowInfo(fileName: &quot;The.Office.US.Season.2.Episode.5.avi&quot;, expectedShow: &quot;The Office US&quot;, expectedSeason: 2, expectedEpisode: 5, expectedTitle: &quot;&quot;)" storage="c:\users\admin\documents\coding2\softmedia\tests\softmedia.tests\bin\debug\net8.0\softmedia.tests.dll" id="5d8bc39c-8724-3fe0-c74e-462e83c102d3">
      <Execution id="c62a1270-4f5c-4c29-9fa2-e766aba72d95" />
      <TestMethod codeBase="C:\Users\Admin\Documents\coding2\SoftMedia\tests\SoftMedia.Tests\bin\Debug\net8.0\SoftMedia.Tests.dll" adapterTypeName="executor://xunit/VsTestRunner2/netcoreapp" className="SoftMedia.Tests.FileNameParserTests" name="ParseTvEpisode_ShouldExtractShowInfo" />
    </UnitTest>
    <UnitTest name="SoftMedia.Tests.FileNameParserTests.ParseMovie_ShouldExtractTitleAndYear(fileName: &quot;Interstellar_2014_IMAX_1080p.mkv&quot;, expectedTitle: &quot;Interstellar&quot;, expectedYear: 2014)" storage="c:\users\admin\documents\coding2\softmedia\tests\softmedia.tests\bin\debug\net8.0\softmedia.tests.dll" id="da01d859-0c52-89d4-5266-94ee489811cd">
      <Execution id="007e8753-2c04-4cd4-b803-19fef128b883" />
      <TestMethod codeBase="C:\Users\Admin\Documents\coding2\SoftMedia\tests\SoftMedia.Tests\bin\Debug\net8.0\SoftMedia.Tests.dll" adapterTypeName="executor://xunit/VsTestRunner2/netcoreapp" className="SoftMedia.Tests.FileNameParserTests" name="ParseMovie_ShouldExtractTitleAndYear" />
    </UnitTest>
    <UnitTest name="SoftMedia.Tests.InteractionLogicTests.MediaItemDto_SeparatesInternalAndExternalRatings" storage="c:\users\admin\documents\coding2\softmedia\tests\softmedia.tests\bin\debug\net8.0\softmedia.tests.dll" id="dad38409-5439-425a-3eff-24b26727865f">
      <Execution id="17ae352a-c5b8-467e-8972-010f3a20212b" />
      <TestMethod codeBase="C:\Users\Admin\Documents\coding2\SoftMedia\tests\SoftMedia.Tests\bin\Debug\net8.0\SoftMedia.Tests.dll" adapterTypeName="executor://xunit/VsTestRunner2/netcoreapp" className="SoftMedia.Tests.InteractionLogicTests" name="MediaItemDto_SeparatesInternalAndExternalRatings" />
    </UnitTest>
    <UnitTest name="SoftMedia.Tests.FileNameParserTests.ParseMovie_ShouldExtractTitleAndYear(fileName: &quot;Unknown Movie.mkv&quot;, expectedTitle: &quot;Unknown Movie&quot;, expectedYear: null)" storage="c:\users\admin\documents\coding2\softmedia\tests\softmedia.tests\bin\debug\net8.0\softmedia.tests.dll" id="ebde53d0-ba51-9ad2-eb10-daad05a9f502">
      <Execution id="b8e1098d-ae7b-4b98-b9d3-5e67bdaab688" />
      <TestMethod codeBase="C:\Users\Admin\Documents\coding2\SoftMedia\tests\SoftMedia.Tests\bin\Debug\net8.0\SoftMedia.Tests.dll" adapterTypeName="executor://xunit/VsTestRunner2/netcoreapp" className="SoftMedia.Tests.FileNameParserTests" name="ParseMovie_ShouldExtractTitleAndYear" />
    </UnitTest>
    <UnitTest name="SoftMedia.Tests.FileNameParserTests.ParseTvEpisode_ShouldExtractShowInfo(fileName: &quot;S10E01.mkv&quot;, expectedShow: &quot;&quot;, expectedSeason: 10, expectedEpisode: 1, expectedTitle: &quot;&quot;)" storage="c:\users\admin\documents\coding2\softmedia\tests\softmedia.tests\bin\debug\net8.0\softmedia.tests.dll" id="e0da054c-31cf-6ccf-8509-517546dd0343">
      <Execution id="f4f05975-aa24-4854-b607-210c4101a938" />
      <TestMethod codeBase="C:\Users\Admin\Documents\coding2\SoftMedia\tests\SoftMedia.Tests\bin\Debug\net8.0\SoftMedia.Tests.dll" adapterTypeName="executor://xunit/VsTestRunner2/netcoreapp" className="SoftMedia.Tests.FileNameParserTests" name="ParseTvEpisode_ShouldExtractShowInfo" />
    </UnitTest>
    <UnitTest name="SoftMedia.Tests.FileNameParserTests.ParseTvEpisode_ShouldExtractShowInfo(fileName: &quot;Friends S10E17.mp4&quot;, expectedShow: &quot;Friends&quot;, expectedSeason: 10, expectedEpisode: 17, expectedTitle: &quot;&quot;)" storage="c:\users\admin\documents\coding2\softmedia\tests\softmedia.tests\bin\debug\net8.0\softmedia.tests.dll" id="e8aac352-5e23-f38e-552a-af33d739bdd5">
      <Execution id="885ab59e-ea16-4780-8cbe-8f623afda64b" />
      <TestMethod codeBase="C:\Users\Admin\Documents\coding2\SoftMedia\tests\SoftMedia.Tests\bin\Debug\net8.0\SoftMedia.Tests.dll" adapterTypeName="executor://xunit/VsTestRunner2/netcoreapp" className="SoftMedia.Tests.FileNameParserTests" name="ParseTvEpisode_ShouldExtractShowInfo" />
    </UnitTest>
  </TestDefinitions>
  <TestEntries>
    <TestEntry testId="defbdc72-82f2-3282-3f23-40e1ace8bd47" executionId="0478eca2-d0dd-4973-9657-1aa2f3f0f6c6" testListId="8c84fa94-04c1-424b-9868-57a2d4851a1d" />
    <TestEntry testId="d9bb4241-61c1-384b-e3b9-5a259d84d58f" executionId="8c980f0c-167d-46a4-9197-73c64daffdf5" testListId="8c84fa94-04c1-424b-9868-57a2d4851a1d" />
    <TestEntry testId="c6c7e583-0b8c-2b91-6888-310e7bcead66" executionId="f35cfe5c-5a51-45c3-8a06-3596390ee8b0" testListId="8c84fa94-04c1-424b-9868-57a2d4851a1d" />
    <TestEntry testId="5d8bc39c-8724-3fe0-c74e-462e83c102d3" executionId="c62a1270-4f5c-4c29-9fa2-e766aba72d95" testListId="8c84fa94-04c1-424b-9868-57a2d4851a1d" />
    <TestEntry testId="b79bac93-0d9d-74b7-4799-fdb58c8849ce" executionId="ebd5a1f2-4128-4b2a-9eaa-d1d712498cd5" testListId="8c84fa94-04c1-424b-9868-57a2d4851a1d" />
    <TestEntry testId="7276ba79-7c91-e399-cc51-3c6eb31d76d7" executionId="651d016d-9bb1-4fd2-920d-5c8400b16597" testListId="8c84fa94-04c1-424b-9868-57a2d4851a1d" />
    <TestEntry testId="c0ae0af8-e6b2-5aac-6f65-b117e64b3ef6" executionId="eee2360a-c156-47ce-a17a-80173b72adca" testListId="8c84fa94-04c1-424b-9868-57a2d4851a1d" />
    <TestEntry testId="9eab209e-8103-8a4a-95ad-e45d17c21c87" executionId="eae7dc48-701d-44b3-9e9f-b02e7d938082" testListId="8c84fa94-04c1-424b-9868-57a2d4851a1d" />
    <TestEntry testId="0f70cde8-d5df-4df1-afc7-c460645a442e" executionId="214e8af1-0ae4-4131-bb9f-a6f133c0fb85" testListId="8c84fa94-04c1-424b-9868-57a2d4851a1d" />
    <TestEntry testId="e8a4e6d8-1f65-6eea-5a06-cc6c0f7d392c" executionId="69cef80f-fdc3-45f2-b98b-37f5bd8e126c" testListId="8c84fa94-04c1-424b-9868-57a2d4851a1d" />
    <TestEntry testId="a65dc05c-47ac-ec2b-11e4-84156446ac76" executionId="de30555f-8d1c-4327-9582-56256d08235c" testListId="8c84fa94-04c1-424b-9868-57a2d4851a1d" />
    <TestEntry testId="69f20aab-6a45-73a8-0f28-afdb234df650" executionId="ec0d0f65-3260-485b-9f92-8360de94b005" testListId="8c84fa94-04c1-424b-9868-57a2d4851a1d" />
    <TestEntry testId="0ce6961e-fbfd-5b6b-29f1-d4c763c09375" executionId="d83edc11-0e11-4c16-be4e-9dafa42a22ea" testListId="8c84fa94-04c1-424b-9868-57a2d4851a1d" />
    <TestEntry testId="e0da054c-31cf-6ccf-8509-517546dd0343" executionId="f4f05975-aa24-4854-b607-210c4101a938" testListId="8c84fa94-04c1-424b-9868-57a2d4851a1d" />
    <TestEntry testId="7d29532d-10eb-af08-4db3-a2179e1e1fb6" executionId="75f2402d-1f0d-42f4-8213-6de2d45f0897" testListId="8c84fa94-04c1-424b-9868-57a2d4851a1d" />
    <TestEntry testId="76635c95-3385-9edd-6651-fae81f7149d6" executionId="a9102ddc-b422-4f54-b3ad-2228e887b218" testListId="8c84fa94-04c1-424b-9868-57a2d4851a1d" />
    <TestEntry testId="da01d859-0c52-89d4-5266-94ee489811cd" executionId="007e8753-2c04-4cd4-b803-19fef128b883" testListId="8c84fa94-04c1-424b-9868-57a2d4851a1d" />
    <TestEntry testId="ebde53d0-ba51-9ad2-eb10-daad05a9f502" executionId="b8e1098d-ae7b-4b98-b9d3-5e67bdaab688" testListId="8c84fa94-04c1-424b-9868-57a2d4851a1d" />
    <TestEntry testId="1f9d9e7a-c298-3285-4989-903992fdae53" executionId="13363fd0-ee26-459a-89af-e53a1a1f6414" testListId="8c84fa94-04c1-424b-9868-57a2d4851a1d" />
    <TestEntry testId="4778391f-c610-40ee-adb8-6e8984ccadcc" executionId="e572dbff-a587-4cac-b2c4-75cbcfe6b491" testListId="8c84fa94-04c1-424b-9868-57a2d4851a1d" />
    <TestEntry testId="982543b6-65f1-d971-573c-2ec8442a07fc" executionId="9ba99ce1-3ad9-490f-bbb4-2fb1fb493512" testListId="8c84fa94-04c1-424b-9868-57a2d4851a1d" />
    <TestEntry testId="b36a3d75-03e7-ca19-c389-6ed9de9c2251" executionId="830e8253-b39e-4730-b80a-57924c6dc026" testListId="8c84fa94-04c1-424b-9868-57a2d4851a1d" />
    <TestEntry testId="43598bcf-527d-0166-83a1-5783395ede94" executionId="1e36b264-7ae8-484d-8384-607a92d2bbdb" testListId="8c84fa94-04c1-424b-9868-57a2d4851a1d" />
    <TestEntry testId="38354bf3-e2d4-a191-1dd7-25079ca8c3c6" executionId="95559d21-4abf-405b-b2dd-5844c92b7243" testListId="8c84fa94-04c1-424b-9868-57a2d4851a1d" />
    <TestEntry testId="dad38409-5439-425a-3eff-24b26727865f" executionId="17ae352a-c5b8-467e-8972-010f3a20212b" testListId="8c84fa94-04c1-424b-9868-57a2d4851a1d" />
    <TestEntry testId="59f95be0-1296-7421-15a1-f1b0813e8fea" executionId="5212e551-5cb4-4c8c-9340-11f5705e1b9d" testListId="8c84fa94-04c1-424b-9868-57a2d4851a1d" />
    <TestEntry testId="e8aac352-5e23-f38e-552a-af33d739bdd5" executionId="885ab59e-ea16-4780-8cbe-8f623afda64b" testListId="8c84fa94-04c1-424b-9868-57a2d4851a1d" />
    <TestEntry testId="ccc14fa8-0fca-8f52-4a92-9f55a128a917" executionId="ec980130-5a43-4941-b188-54672cc3f41b" testListId="8c84fa94-04c1-424b-9868-57a2d4851a1d" />
  </TestEntries>
  <TestLists>
    <TestList name="Results Not in a List" id="8c84fa94-04c1-424b-9868-57a2d4851a1d" />
    <TestList name="All Loaded Results" id="19431567-8539-422a-85d7-44ee4e166bda" />
  </TestLists>
  <ResultSummary outcome="Completed">
    <Counters total="28" executed="28" passed="28" failed="0" error="0" timeout="0" aborted="0" inconclusive="0" passedButRunAborted="0" notRunnable="0" notExecuted="0" disconnected="0" warning="0" completed="0" inProgress="0" pending="0" />
    <Output>
      <StdOut>[xUnit.net 00:00:00.00] xUnit.net VSTest Adapter v2.8.2+699d445a1a (64-bit .NET 8.0.13)&#xD;
[xUnit.net 00:00:00.04]   Discovering: SoftMedia.Tests&#xD;
[xUnit.net 00:00:00.06]   Discovered:  SoftMedia.Tests&#xD;
[xUnit.net 00:00:00.07]   Starting:    SoftMedia.Tests&#xD;
test&#xD;
[xUnit.net 00:00:03.33]   Finished:    SoftMedia.Tests&#xD;
</StdOut>
    </Output>
  </ResultSummary>
</TestRun>